
Allocating common symbols
Common symbol       size              file

global_rules_shadow
                    0x630             obj/kern/libdwarf_frame.o
ismp                0x4               obj/kern/mpconfig.o
lapicaddr           0x8               obj/kern/lapic.o
ts                  0x68              obj/kern/trap.o
end_debug           0x8               obj/kern/init.o
mydebug             0x60              obj/kern/kdebug.o
panicstr            0x8               obj/kern/init.o
boot_cr3            0x8               obj/kern/pmap.o
mpentry_kstack      0x8               obj/kern/init.o
cpus                0x220             obj/kern/mpconfig.o
global_std_op       0x200             obj/kern/libdwarf_lineno.o
lapic               0x8               obj/kern/lapic.o
bootcpu             0x8               obj/kern/mpconfig.o
_cie                0x78              obj/kern/kdebug.o
global_rules        0x630             obj/kern/libdwarf_frame.o
boot_pml4e          0x8               obj/kern/pmap.o
ncpu                0x4               obj/kern/mpconfig.o
_fde                0x80              obj/kern/kdebug.o
npages              0x8               obj/kern/pmap.o
pages               0x8               obj/kern/pmap.o
percpu_kstacks      0x40000           obj/kern/mpconfig.o

Discarded input sections

 .note.GNU-stack
                0x0000000000000000        0x0 obj/kern/init.o
 .note.GNU-stack
                0x0000000000000000        0x0 obj/kern/console.o
 .note.GNU-stack
                0x0000000000000000        0x0 obj/kern/monitor.o
 .note.GNU-stack
                0x0000000000000000        0x0 obj/kern/pmap.o
 .note.GNU-stack
                0x0000000000000000        0x0 obj/kern/env.o
 .note.GNU-stack
                0x0000000000000000        0x0 obj/kern/kclock.o
 .note.GNU-stack
                0x0000000000000000        0x0 obj/kern/picirq.o
 .note.GNU-stack
                0x0000000000000000        0x0 obj/kern/printf.o
 .note.GNU-stack
                0x0000000000000000        0x0 obj/kern/trap.o
 .note.GNU-stack
                0x0000000000000000        0x0 obj/kern/sched.o
 .note.GNU-stack
                0x0000000000000000        0x0 obj/kern/syscall.o
 .note.GNU-stack
                0x0000000000000000        0x0 obj/kern/kdebug.o
 .note.GNU-stack
                0x0000000000000000        0x0 obj/kern/printfmt.o
 .note.GNU-stack
                0x0000000000000000        0x0 obj/kern/readline.o
 .note.GNU-stack
                0x0000000000000000        0x0 obj/kern/string.o
 .note.GNU-stack
                0x0000000000000000        0x0 obj/kern/libdwarf_rw.o
 .note.GNU-stack
                0x0000000000000000        0x0 obj/kern/libdwarf_frame.o
 .note.GNU-stack
                0x0000000000000000        0x0 obj/kern/libdwarf_lineno.o
 .note.GNU-stack
                0x0000000000000000        0x0 obj/kern/elf_rw.o
 .note.GNU-stack
                0x0000000000000000        0x0 obj/kern/mpconfig.o
 .note.GNU-stack
                0x0000000000000000        0x0 obj/kern/lapic.o
 .note.GNU-stack
                0x0000000000000000        0x0 obj/kern/spinlock.o
 .note.GNU-stack
                0x0000000000000000        0x0 obj/kern/e1000.o
 .note.GNU-stack
                0x0000000000000000        0x0 obj/kern/pci.o
 .note.GNU-stack
                0x0000000000000000        0x0 obj/kern/time.o
 .note.GNU-stack
                0x0000000000000000        0x0 obj/vmm/ept.o
 .note.GNU-stack
                0x0000000000000000        0x0 obj/vmm/vmx.o
 .note.GNU-stack
                0x0000000000000000        0x0 obj/vmm/vmexits.o

Memory Configuration

Name             Origin             Length             Attributes
*default*        0x0000000000000000 0xffffffffffffffff

Linker script and memory map

                0x0000000000100000                . = 0x100000

.bootstrap      0x0000000000100000     0x7004
 obj/kern/bootstrap.o(.text .data .bss)
 .text          0x0000000000100000      0x115 obj/kern/bootstrap.o
                0x0000000000100000                _head64
                0x00000000001000e5                jumpto_longmode
 *fill*         0x0000000000100115      0xeeb 
 .data          0x0000000000101000     0x6004 obj/kern/bootstrap.o
                0x0000000000102000                pml4phys
                0x0000000000107000                multiboot_info
 .bss           0x0000000000107004        0x0 obj/kern/bootstrap.o
                0x0000008004200000                . = 0x8004200000

.text           0x0000008004200000    0x1db21 load address 0x0000000000200000
 *(EXCLUDE_FILE(obj/kern/bootstrap.o) .text .stub .text.* .gnu.linkonce.t.*)
 .text          0x0000008004200000       0x58 obj/kern/entry.o
                0x000000800420000c                entry
                0x000000000020000c                _start
 .text          0x0000008004200058      0x6a1 obj/kern/init.o
                0x0000008004200099                i386_init
                0x000000800420040f                mp_main
                0x00000080042004d5                _panic
                0x000000800420060c                _warn
 .text          0x00000080042006f9      0xb58 obj/kern/console.o
                0x0000008004200789                serial_intr
                0x0000008004200fd8                kbd_intr
                0x00000080042010b2                cons_getc
                0x00000080042011a6                cons_init
                0x00000080042011ff                cputchar
                0x000000800420121d                getchar
                0x000000800420123f                iscons
 .text          0x0000008004201251      0x8ad obj/kern/monitor.o
                0x0000008004201251                mon_help
                0x00000080042012e8                mon_kerninfo
                0x0000008004201476                mon_backtrace
                0x0000008004201a5d                monitor
 .text          0x0000008004201afe     0x61aa obj/kern/pmap.o
                0x000000800420263d                x64_vm_init
                0x0000008004202bf7                page_init
                0x0000008004202ea7                page_alloc
                0x0000008004202f59                page_free
                0x0000008004202fdb                page_decref
                0x000000800420301c                pml4e_walk
                0x0000008004203295                pdpe_walk
                0x000000800420350e                pgdir_walk
                0x0000008004203a19                page_insert
                0x0000008004203d89                page_lookup
                0x0000008004203e14                page_remove
                0x0000008004203e87                tlb_invalidate
                0x0000008004203f56                mmio_map_region
                0x000000800420404b                user_mem_check
                0x000000800420416b                user_mem_assert
 .text          0x0000008004207ca8     0x1c6d obj/kern/env.o
                0x0000008004207e0d                envid2env
                0x0000008004207f6d                env_init
                0x000000800420803a                env_init_percpu
                0x000000800420819c                env_guest_alloc
                0x0000008004208616                env_guest_free
                0x000000800420895d                env_alloc
                0x0000008004208bf9                load_icode
                0x0000008004208fcc                env_create
                0x0000008004209074                env_free
                0x000000800420952d                env_destroy
                0x000000800420961c                env_pop_tf
                0x00000080042096f8                env_run
 .text          0x0000008004209915       0x7c obj/kern/kclock.o
                0x0000008004209915                mc146818_read
                0x0000008004209951                mc146818_write
 .text          0x0000008004209991      0x273 obj/kern/picirq.o
                0x0000008004209991                pic_init
                0x0000008004209ae3                irq_setmask_8259A
                0x0000008004209bd4                irq_eoi
 .text          0x0000008004209c04      0x165 obj/kern/printf.o
                0x0000008004209c32                vcprintf
                0x0000008004209c91                cprintf
 .text          0x0000008004209d69     0x3a67 obj/kern/trap.o
                0x0000008004209e09                trap_init
                0x000000800420c50c                trap_init_percpu
                0x000000800420c988                print_trapframe
                0x000000800420cc99                print_regs
                0x000000800420d101                trap
                0x000000800420d45e                page_fault_handler
 .text          0x000000800420d7d0      0x1c2 obj/kern/trapentry.o
                0x000000800420d7d0                Xdivide
                0x000000800420d7da                Xdebug
                0x000000800420d7e4                Xnmi
                0x000000800420d7ee                Xbrkpt
                0x000000800420d7f8                Xoflow
                0x000000800420d802                Xbound
                0x000000800420d80c                Xillop
                0x000000800420d816                Xdevice
                0x000000800420d820                Xdblflt
                0x000000800420d828                Xtss
                0x000000800420d830                Xsegnp
                0x000000800420d838                Xstack
                0x000000800420d840                Xgpflt
                0x000000800420d848                Xpgflt
                0x000000800420d850                Xfperr
                0x000000800420d85a                Xalign
                0x000000800420d862                Xmchk
                0x000000800420d86c                Xirq0
                0x000000800420d876                Xirq1
                0x000000800420d880                Xirq2
                0x000000800420d88a                Xirq3
                0x000000800420d894                Xirq4
                0x000000800420d89e                Xirq5
                0x000000800420d8a8                Xirq6
                0x000000800420d8b2                Xirq7
                0x000000800420d8bc                Xirq8
                0x000000800420d8c6                Xirq9
                0x000000800420d8d0                Xirq10
                0x000000800420d8da                Xirq11
                0x000000800420d8e4                Xirq12
                0x000000800420d8ee                Xirq13
                0x000000800420d8f8                Xirq14
                0x000000800420d902                Xirq15
                0x000000800420d90c                Xsyscall
                0x000000800420d916                Xdefault
                0x000000800420d920                _alltraps
 .text          0x000000800420d992      0x4cd obj/kern/sched.o
                0x000000800420da76                sched_yield
                0x000000800420dc5e                sched_halt
 .text          0x000000800420de5f     0x10d8 obj/kern/syscall.o
                0x000000800420ebff                syscall
                0x000000800420eef9                _export_sys_ept_map
 .text          0x000000800420ef37      0xc2f obj/kern/kdebug.o
                0x000000800420ef37                list_func_die
                0x000000800420f69d                debuginfo_rip
 .text          0x000000800420fb66      0xa71 obj/kern/printfmt.o
                0x000000800420fe41                vprintfmt
                0x0000008004210359                printfmt
                0x0000008004210459                vsnprintf
                0x00000080042104f6                snprintf
 .text          0x00000080042105d7      0x155 obj/kern/readline.o
                0x00000080042105d7                readline
 .text          0x000000800421072c      0x7c5 obj/kern/string.o
                0x000000800421072c                strlen
                0x000000800421075a                strnlen
                0x0000008004210798                strcpy
                0x00000080042107db                strcat
                0x000000800421082a                strncpy
                0x000000800421088a                strlcpy
                0x00000080042108fa                strcmp
                0x000000800421094d                strncmp
                0x00000080042109be                strchr
                0x00000080042109fa                strfind
                0x0000008004210a31                memset
                0x0000008004210abc                memmove
                0x0000008004210bd3                memcpy
                0x0000008004210c07                memcmp
                0x0000008004210c7b                memfind
                0x0000008004210cc4                strtol
                0x0000008004210e56                strstr
 .text          0x0000008004210ef1     0x1f4d obj/kern/libdwarf_rw.o
                0x0000008004210ef1                _dwarf_read_lsb
                0x000000800421101d                _dwarf_decode_lsb
                0x000000800421113e                _dwarf_read_msb
                0x00000080042112f0                _dwarf_decode_msb
                0x000000800421149f                _dwarf_read_sleb128
                0x0000008004211543                _dwarf_read_uleb128
                0x00000080042115c2                _dwarf_decode_sleb128
                0x0000008004211654                _dwarf_decode_uleb128
                0x00000080042116c1                _dwarf_read_string
                0x0000008004211750                _dwarf_read_block
                0x0000008004211799                _dwarf_elf_get_byte_order
                0x0000008004211807                _dwarf_elf_get_pointer_size
                0x0000008004211871                _dwarf_init
                0x0000008004211953                _get_next_cu
                0x0000008004211aee                print_cu
                0x0000008004211b25                _dwarf_abbrev_parse
                0x0000008004211da8                _dwarf_abbrev_find
                0x0000008004211ed9                _dwarf_attr_init
                0x000000800421256a                dwarf_search_die_within_cu
                0x0000008004212863                dwarf_offdie
                0x0000008004212966                _dwarf_attr_find
                0x00000080042129f9                dwarf_siblingof
                0x0000008004212c3d                dwarf_child
                0x0000008004212de1                _dwarf_find_section_enhanced
 .text          0x0000008004212e3e     0x257f obj/kern/libdwarf_frame.o
                0x0000008004212e3e                _dwarf_frame_params_init
                0x0000008004212e7e                dwarf_get_fde_at_pc
                0x0000008004212f50                _dwarf_frame_regtable_copy
                0x0000008004213efd                _dwarf_frame_get_internal_table
                0x000000800421418a                dwarf_get_fde_info_for_all_regs
                0x000000800421502c                _dwarf_frame_interal_table_init
                0x00000080042152e5                dwarf_set_frame_cfa_value
                0x0000008004215315                dwarf_init_eh_section
 .text          0x00000080042153bd      0xd4b obj/kern/libdwarf_lineno.o
                0x0000008004215a19                _dwarf_lineno_init
                0x0000008004215f8d                dwarf_srclines
 .text          0x0000008004216108      0xd12 obj/kern/elf_rw.o
                0x0000008004216108                _dwarf_find_section
                0x0000008004216188                find_debug_sections
                0x0000008004216451                read_section_headers
                0x0000008004216b90                readseg
                0x0000008004216cf4                waitdisk
                0x0000008004216d20                readsect
 *fill*         0x0000008004216e1a        0x6 
 .text          0x0000008004216e20       0xe7 obj/kern/mpentry.o
                0x0000008004216e20                mpentry_start
                0x0000008004216f06                mpentry_end
 .text          0x0000008004216f07      0x8f2 obj/kern/mpconfig.o
                0x00000080042173dd                mp_init
 .text          0x00000080042177f9      0x473 obj/kern/lapic.o
                0x000000800421783b                lapic_init
                0x0000008004217a32                cpunum
                0x0000008004217a67                lapic_eoi
                0x0000008004217aa2                lapic_startap
                0x0000008004217c25                lapic_ipi
 .text          0x0000008004217c6c      0x472 obj/kern/spinlock.o
                0x0000008004217d89                __spin_initlock
                0x0000008004217dbd                spin_lock
                0x0000008004217e94                spin_unlock
 .text          0x00000080042180de      0x680 obj/kern/e1000.o
                0x00000080042180de                e1000_attach
                0x0000008004218469                e1000_transmit
                0x00000080042185d8                e1000_receive
 .text          0x000000800421875e      0xafa obj/kern/pci.o
                0x0000008004218f9b                pci_func_enable
                0x000000800421921c                pci_init
 .text          0x0000008004219258       0xa3 obj/kern/time.o
                0x0000008004219258                time_init
                0x000000800421926e                time_tick
                0x00000080042192e0                time_msec
 .text          0x00000080042192fb     0x12f9 obj/vmm/ept.o
                0x000000800421951e                ept_gpa2hva
                0x00000080042197d6                free_guest_mem
                0x000000800421980a                ept_page_insert
                0x0000008004219828                ept_map_hva2gpa
                0x000000800421984a                ept_alloc_static
                0x000000800421996e                test_ept_map
 .text          0x000000800421a5f4     0x2ae4 obj/vmm/vmx.o
                0x000000800421a7bd                vmx_list_vms
                0x000000800421a87d                vmx_sel_resume
                0x000000800421a953                vmx_check_support
                0x000000800421a9ac                vmx_check_ept
                0x000000800421a9da                check_fixed_bits
                0x000000800421aaa3                vmx_init_vmcs
                0x000000800421aba9                vmx_init_vmxon
                0x000000800421b05a                vmcs_host_init
                0x000000800421b428                vmcs_guest_init
                0x000000800421bc66                vmx_read_capability_msr
                0x000000800421c335                vmcs_dump_cpu
                0x000000800421c476                vmexit
                0x000000800421ca20                asm_vmrun
                0x000000800421cbb0                msr_setup
                0x000000800421ccc3                bitmap_setup
                0x000000800421ce05                vmx_vmrun
 .text          0x000000800421d0d8      0xa49 obj/vmm/vmexits.o
                0x000000800421d1f1                vmx_get_vmdisk_number
                0x000000800421d203                vmx_incr_vmdisk_number
                0x000000800421d224                find_msr_in_region
                0x000000800421d27b                handle_interrupt_window
                0x000000800421d2fc                handle_interrupts
                0x000000800421d3a9                handle_rdmsr
                0x000000800421d4b1                handle_wrmsr
                0x000000800421d61d                handle_eptviolation
                0x000000800421d80f                handle_ioinstr
                0x000000800421d9ee                handle_cpuid
                0x000000800421da28                handle_vmcall
                0x000000800421db21                PROVIDE (etext, .)

.iplt           0x000000800421db30        0x0 load address 0x000000000021db30
 .iplt          0x0000000000000000        0x0 obj/kern/bootstrap.o

.rodata         0x000000800421db40     0x3e00 load address 0x000000000021db40
 *(EXCLUDE_FILE(obj/kern/bootstrap.o) .rodata .rodata.* .gnu.linkonce.r.*)
 .rodata        0x000000800421db40       0xd6 obj/kern/init.o
 .rodata        0x000000800421dc16       0x29 obj/kern/console.o
 *fill*         0x000000800421dc3f        0x1 
 .rodata        0x000000800421dc40      0x2e1 obj/kern/monitor.o
 *fill*         0x000000800421df21        0x7 
 .rodata        0x000000800421df28      0xf2c obj/kern/pmap.o
 *fill*         0x000000800421ee54        0x4 
 .rodata        0x000000800421ee58      0x1dd obj/kern/env.o
 .rodata        0x000000800421f035       0x1a obj/kern/picirq.o
 *fill*         0x000000800421f04f       0x11 
 .rodata        0x000000800421f060      0x4a0 obj/kern/trap.o
 .rodata        0x000000800421f500       0x8c obj/kern/sched.o
 *fill*         0x000000800421f58c        0x4 
 .rodata        0x000000800421f590      0x1c8 obj/kern/syscall.o
 *fill*         0x000000800421f758        0x8 
 .rodata        0x000000800421f760      0x37b obj/kern/kdebug.o
 *fill*         0x000000800421fadb        0x5 
 .rodata        0x000000800421fae0      0x4c8 obj/kern/printfmt.o
 .rodata        0x000000800421ffa8       0x13 obj/kern/readline.o
 *fill*         0x000000800421ffbb        0x5 
 .rodata        0x000000800421ffc0      0x1ab obj/kern/libdwarf_rw.o
 *fill*         0x000000800422016b        0x5 
 .rodata        0x0000008004220170      0x1d8 obj/kern/libdwarf_frame.o
 .rodata        0x0000008004220348       0xc3 obj/kern/libdwarf_lineno.o
 .rodata        0x000000800422040b       0xa7 obj/kern/elf_rw.o
 *fill*         0x00000080042204b2        0x6 
 .rodata        0x00000080042204b8      0x291 obj/kern/mpconfig.o
 *fill*         0x0000008004220749        0x7 
 .rodata        0x0000008004220750       0x33 obj/kern/lapic.o
 *fill*         0x0000008004220783        0x5 
 .rodata        0x0000008004220788       0xf1 obj/kern/spinlock.o
 *fill*         0x0000008004220879        0x7 
 .rodata        0x0000008004220880       0x87 obj/kern/e1000.o
 *fill*         0x0000008004220907        0x1 
 .rodata        0x0000008004220908      0x287 obj/kern/pci.o
 .rodata        0x0000008004220b8f       0x2a obj/kern/time.o
 *fill*         0x0000008004220bb9        0x7 
 .rodata        0x0000008004220bc0      0x786 obj/vmm/ept.o
 *fill*         0x0000008004221346        0x2 
 .rodata        0x0000008004221348      0x45f obj/vmm/vmx.o
 *fill*         0x00000080042217a7        0x1 
 .rodata        0x00000080042217a8      0x198 obj/vmm/vmexits.o

.eh_frame       0x0000008004221940     0x2658 load address 0x0000000000221940
 .eh_frame      0x0000008004221940       0xf8 obj/kern/init.o
                                         0xf0 (size before relaxing)
 .eh_frame      0x0000008004221a38      0x240 obj/kern/console.o
                                        0x258 (size before relaxing)
 .eh_frame      0x0000008004221c78       0xc0 obj/kern/monitor.o
                                         0xd8 (size before relaxing)
 .eh_frame      0x0000008004221d38      0x438 obj/kern/pmap.o
                                        0x448 (size before relaxing)
 .eh_frame      0x0000008004222170      0x280 obj/kern/env.o
                                        0x290 (size before relaxing)
 .eh_frame      0x00000080042223f0       0x40 obj/kern/kclock.o
                                         0x58 (size before relaxing)
 .eh_frame      0x0000008004222430       0x60 obj/kern/picirq.o
                                         0x78 (size before relaxing)
 .eh_frame      0x0000008004222490       0x60 obj/kern/printf.o
                                         0x78 (size before relaxing)
 .eh_frame      0x00000080042224f0      0x148 obj/kern/trap.o
                                        0x158 (size before relaxing)
 .eh_frame      0x0000008004222638       0xa0 obj/kern/sched.o
                                         0xb8 (size before relaxing)
 .eh_frame      0x00000080042226d8      0x330 obj/kern/syscall.o
                                        0x340 (size before relaxing)
 .eh_frame      0x0000008004222a08       0x48 obj/kern/kdebug.o
                                         0x60 (size before relaxing)
 .eh_frame      0x0000008004222a50      0x118 obj/kern/printfmt.o
                                        0x128 (size before relaxing)
 .eh_frame      0x0000008004222b68       0x20 obj/kern/readline.o
                                         0x38 (size before relaxing)
 .eh_frame      0x0000008004222b88      0x220 obj/kern/string.o
                                        0x238 (size before relaxing)
 .eh_frame      0x0000008004222da8      0x308 obj/kern/libdwarf_rw.o
                                        0x320 (size before relaxing)
 .eh_frame      0x00000080042230b0      0x1d0 obj/kern/libdwarf_frame.o
                                        0x1e8 (size before relaxing)
 .eh_frame      0x0000008004223280       0x98 obj/kern/libdwarf_lineno.o
                                         0xb0 (size before relaxing)
 .eh_frame      0x0000008004223318       0xc0 obj/kern/elf_rw.o
                                         0xd8 (size before relaxing)
 .eh_frame      0x00000080042233d8       0xa8 obj/kern/mpconfig.o
                                         0xc0 (size before relaxing)
 .eh_frame      0x0000008004223480       0xe0 obj/kern/lapic.o
                                         0xf8 (size before relaxing)
 .eh_frame      0x0000008004223560       0xe0 obj/kern/spinlock.o
                                         0xf0 (size before relaxing)
 .eh_frame      0x0000008004223640       0x60 obj/kern/e1000.o
                                         0x78 (size before relaxing)
 .eh_frame      0x00000080042236a0      0x140 obj/kern/pci.o
                                        0x158 (size before relaxing)
 .eh_frame      0x00000080042237e0       0x60 obj/kern/time.o
                                         0x78 (size before relaxing)
 .eh_frame      0x0000008004223840      0x1e8 obj/vmm/ept.o
                                        0x200 (size before relaxing)
 .eh_frame      0x0000008004223a28      0x350 obj/vmm/vmx.o
                                        0x360 (size before relaxing)
 .eh_frame      0x0000008004223d78      0x220 obj/vmm/vmexits.o
                                        0x230 (size before relaxing)

.rela.dyn       0x0000008004223f98        0x0 load address 0x0000000000223f98
 .rela.iplt     0x0000000000000000        0x0 obj/kern/bootstrap.o
 .rela.text     0x0000000000000000        0x0 obj/kern/bootstrap.o
 .rela.data     0x0000000000000000        0x0 obj/kern/bootstrap.o
                0x0000008004224000                . = ALIGN (0x1000)

.data           0x0000008004224000   0x2b834f load address 0x0000000000224000
 *(EXCLUDE_FILE(obj/kern/bootstrap.o) .data)
 .data          0x0000008004224000    0x10042 obj/kern/entry.o
                0x0000008004224000                bootstack
                0x0000008004234000                kernel_64
                0x0000008004234000                bootstacktop
                0x0000008004234038                gdtdesc_64
 .data          0x0000008004234042        0x0 obj/kern/init.o
 *fill*         0x0000008004234042       0x1e 
 .data          0x0000008004234060      0x520 obj/kern/console.o
 .data          0x0000008004234580       0x60 obj/kern/monitor.o
 .data          0x00000080042345e0        0x8 obj/kern/pmap.o
 *fill*         0x00000080042345e8       0x18 
 .data          0x0000008004234600       0x72 obj/kern/env.o
                0x0000008004234600                gdt
                0x0000008004234668                gdt_pd
 .data          0x0000008004234672        0x0 obj/kern/kclock.o
 .data          0x0000008004234672        0x2 obj/kern/picirq.o
                0x0000008004234672                irq_mask_8259A
 .data          0x0000008004234674        0x0 obj/kern/printf.o
 .data          0x0000008004234674        0x0 obj/kern/trap.o
 .data          0x0000008004234674        0x0 obj/kern/trapentry.o
 .data          0x0000008004234674        0x0 obj/kern/sched.o
 .data          0x0000008004234674        0x0 obj/kern/syscall.o
 *fill*         0x0000008004234674        0x4 
 .data          0x0000008004234678       0x18 obj/kern/kdebug.o
                0x0000008004234678                fde
                0x0000008004234680                cie
                0x0000008004234688                dbg
 .data          0x0000008004234690        0x0 obj/kern/printfmt.o
 .data          0x0000008004234690        0x0 obj/kern/readline.o
 .data          0x0000008004234690        0x0 obj/kern/string.o
 .data          0x0000008004234690        0x0 obj/kern/libdwarf_rw.o
 *fill*         0x0000008004234690       0x10 
 .data          0x00000080042346a0       0x20 obj/kern/libdwarf_frame.o
                0x00000080042346a0                debug_frame_sec
 .data          0x00000080042346c0        0x0 obj/kern/libdwarf_lineno.o
 .data          0x00000080042346c0       0xa0 obj/kern/elf_rw.o
                0x00000080042346c0                section_info
 .data          0x0000008004234760        0x0 obj/kern/mpentry.o
 .data          0x0000008004234760        0x0 obj/kern/mpconfig.o
 .data          0x0000008004234760        0x0 obj/kern/lapic.o
 .data          0x0000008004234760       0x68 obj/kern/spinlock.o
                0x0000008004234760                kernel_lock
 .data          0x00000080042347c8        0x0 obj/kern/e1000.o
 *fill*         0x00000080042347c8       0x18 
 .data          0x00000080042347e0       0x98 obj/kern/pci.o
                0x0000008004234800                pci_attach_class
                0x0000008004234820                pci_attach_vendor
 .data          0x0000008004234878        0x0 obj/kern/time.o
 .data          0x0000008004234878        0x0 obj/vmm/ept.o
 .data          0x0000008004234878        0x0 obj/vmm/vmx.o
 .data          0x0000008004234878        0x0 obj/vmm/vmexits.o
 .data          0x0000008004234878    0x16241 obj/user/hello
                0x0000008004234878                _binary_obj_user_hello_start
                0x000000800424aab9                _binary_obj_user_hello_end
 .data          0x000000800424aab9    0x15d18 obj/user/idle
                0x000000800424aab9                _binary_obj_user_idle_start
                0x00000080042607d1                _binary_obj_user_idle_end
 .data          0x00000080042607d1    0x17666 obj/user/testfile
                0x00000080042607d1                _binary_obj_user_testfile_start
                0x0000008004277e37                _binary_obj_user_testfile_end
 .data          0x0000008004277e37    0x15da5 obj/user/writemotd
                0x0000008004277e37                _binary_obj_user_writemotd_start
                0x000000800428dbdc                _binary_obj_user_writemotd_end
 .data          0x000000800428dbdc    0x187f4 obj/user/spawnhello
                0x000000800428dbdc                _binary_obj_user_spawnhello_start
                0x00000080042a63d0                _binary_obj_user_spawnhello_end
 .data          0x00000080042a63d0    0x1833f obj/user/icode
                0x00000080042a63d0                _binary_obj_user_icode_start
                0x00000080042be70f                _binary_obj_user_icode_end
 .data          0x00000080042be70f    0x27a09 obj/fs/fs
                0x00000080042be70f                _binary_obj_fs_fs_start
                0x00000080042e6118                _binary_obj_fs_fs_end
 .data          0x00000080042e6118    0x15f52 obj/user/testtime
                0x00000080042e6118                _binary_obj_user_testtime_start
                0x00000080042fc06a                _binary_obj_user_testtime_end
 .data          0x00000080042fc06a    0x1a422 obj/user/httpd
                0x00000080042fc06a                _binary_obj_user_httpd_start
                0x000000800431648c                _binary_obj_user_httpd_end
 .data          0x000000800431648c    0x17c63 obj/user/echosrv
                0x000000800431648c                _binary_obj_user_echosrv_start
                0x000000800432e0ef                _binary_obj_user_echosrv_end
 .data          0x000000800432e0ef    0x17b9a obj/user/echotest
                0x000000800432e0ef                _binary_obj_user_echotest_start
                0x0000008004345c89                _binary_obj_user_echotest_end
 .data          0x0000008004345c89    0x19754 obj/net/testoutput
                0x0000008004345c89                _binary_obj_net_testoutput_start
                0x000000800435f3dd                _binary_obj_net_testoutput_end
 .data          0x000000800435f3dd    0x1b786 obj/net/testinput
                0x000000800435f3dd                _binary_obj_net_testinput_start
                0x000000800437ab63                _binary_obj_net_testinput_end
 .data          0x000000800437ab63    0x6500e obj/net/ns
                0x000000800437ab63                _binary_obj_net_ns_start
                0x00000080043dfb71                _binary_obj_net_ns_end
 .data          0x00000080043dfb71    0x1b111 obj/user/testpteshare
                0x00000080043dfb71                _binary_obj_user_testpteshare_start
                0x00000080043fac82                _binary_obj_user_testpteshare_end
 .data          0x00000080043fac82    0x18b37 obj/user/testfdsharing
                0x00000080043fac82                _binary_obj_user_testfdsharing_start
                0x00000080044137b9                _binary_obj_user_testfdsharing_end
 .data          0x00000080044137b9    0x1901d obj/user/testpipe
                0x00000080044137b9                _binary_obj_user_testpipe_start
                0x000000800442c7d6                _binary_obj_user_testpipe_end
 .data          0x000000800442c7d6    0x18901 obj/user/testpiperace
                0x000000800442c7d6                _binary_obj_user_testpiperace_start
                0x00000080044450d7                _binary_obj_user_testpiperace_end
 .data          0x00000080044450d7    0x188d2 obj/user/testpiperace2
                0x00000080044450d7                _binary_obj_user_testpiperace2_start
                0x000000800445d9a9                _binary_obj_user_testpiperace2_end
 .data          0x000000800445d9a9    0x183a1 obj/user/primespipe
                0x000000800445d9a9                _binary_obj_user_primespipe_start
                0x0000008004475d4a                _binary_obj_user_primespipe_end
 .data          0x0000008004475d4a    0x1697e obj/user/testkbd
                0x0000008004475d4a                _binary_obj_user_testkbd_start
                0x000000800448c6c8                _binary_obj_user_testkbd_end
 .data          0x000000800448c6c8    0x1b18e obj/user/testshell
                0x000000800448c6c8                _binary_obj_user_testshell_start
                0x00000080044a7856                _binary_obj_user_testshell_end
 .data          0x00000080044a7856    0x1697c obj/user/vmm
                0x00000080044a7856                _binary_obj_user_vmm_start
                0x00000080044be1d2                _binary_obj_user_vmm_end
 .data          0x00000080044be1d2    0x1e17d obj/user/sh
                0x00000080044be1d2                _binary_obj_user_sh_start
                0x00000080044dc34f                _binary_obj_user_sh_end
                0x00000080044dc34f                PROVIDE (edata, .)

.igot.plt       0x00000080044dc350        0x0 load address 0x00000000004dc350
 .igot.plt      0x0000000000000000        0x0 obj/kern/bootstrap.o

.bss            0x00000080044dd000   0x242010 load address 0x00000000004dd000
 *(EXCLUDE_FILE(obj/kern/bootstrap.o) .bss)
 .bss           0x00000080044dd000        0x0 obj/kern/entry.o
 .bss           0x00000080044dd000        0x0 obj/kern/init.o
 .bss           0x00000080044dd000      0x22c obj/kern/console.o
 .bss           0x00000080044dd22c        0x0 obj/kern/monitor.o
 *fill*         0x00000080044dd22c        0x4 
 .bss           0x00000080044dd230       0x20 obj/kern/pmap.o
 .bss           0x00000080044dd250       0x18 obj/kern/env.o
                0x00000080044dd250                vcpu_count
                0x00000080044dd258                envs
 .bss           0x00000080044dd268        0x0 obj/kern/kclock.o
 .bss           0x00000080044dd268        0x1 obj/kern/picirq.o
 .bss           0x00000080044dd269        0x0 obj/kern/printf.o
 *fill*         0x00000080044dd269       0x17 
 .bss           0x00000080044dd280     0x1018 obj/kern/trap.o
                0x00000080044dd280                idt
                0x00000080044de280                idt_pd
 .bss           0x00000080044de298        0x0 obj/kern/trapentry.o
 .bss           0x00000080044de298        0x0 obj/kern/sched.o
 .bss           0x00000080044de298        0x0 obj/kern/syscall.o
 .bss           0x00000080044de298        0x8 obj/kern/kdebug.o
 .bss           0x00000080044de2a0        0x0 obj/kern/printfmt.o
 .bss           0x00000080044de2a0      0x400 obj/kern/readline.o
 .bss           0x00000080044de6a0        0x0 obj/kern/string.o
 .bss           0x00000080044de6a0        0x0 obj/kern/libdwarf_rw.o
 .bss           0x00000080044de6a0       0x68 obj/kern/libdwarf_frame.o
                0x00000080044de6a0                global_rt_table
                0x00000080044de6e0                global_rt_table_shadow
 .bss           0x00000080044de708        0x0 obj/kern/libdwarf_lineno.o
 .bss           0x00000080044de708        0x0 obj/kern/elf_rw.o
 .bss           0x00000080044de708        0x0 obj/kern/mpentry.o
 .bss           0x00000080044de708        0x0 obj/kern/mpconfig.o
 .bss           0x00000080044de708        0x0 obj/kern/lapic.o
 .bss           0x00000080044de708        0x0 obj/kern/spinlock.o
 *fill*         0x00000080044de708       0x18 
 .bss           0x00000080044de720   0x1fde80 obj/kern/e1000.o
 .bss           0x00000080046dc5a0       0x20 obj/kern/pci.o
 .bss           0x00000080046dc5c0        0x4 obj/kern/time.o
 .bss           0x00000080046dc5c4        0x0 obj/vmm/ept.o
 .bss           0x00000080046dc5c4        0x4 obj/vmm/vmx.o
 .bss           0x00000080046dc5c8        0x8 obj/vmm/vmexits.o
 COMMON         0x00000080046dc5d0       0x18 obj/kern/init.o
                0x00000080046dc5d0                end_debug
                0x00000080046dc5d8                panicstr
                0x00000080046dc5e0                mpentry_kstack
 COMMON         0x00000080046dc5e8       0x20 obj/kern/pmap.o
                0x00000080046dc5e8                boot_cr3
                0x00000080046dc5f0                boot_pml4e
                0x00000080046dc5f8                npages
                0x00000080046dc600                pages
 *fill*         0x00000080046dc608       0x18 
 COMMON         0x00000080046dc620       0x68 obj/kern/trap.o
                0x00000080046dc620                ts
 *fill*         0x00000080046dc688       0x18 
 COMMON         0x00000080046dc6a0      0x160 obj/kern/kdebug.o
                0x00000080046dc6a0                mydebug
                0x00000080046dc700                _cie
                0x00000080046dc780                _fde
 COMMON         0x00000080046dc800      0xc70 obj/kern/libdwarf_frame.o
                0x00000080046dc800                global_rules_shadow
                0x00000080046dce40                global_rules
 *fill*         0x00000080046dd470       0x10 
 COMMON         0x00000080046dd480      0x200 obj/kern/libdwarf_lineno.o
                0x00000080046dd480                global_std_op
 *fill*         0x00000080046dd680      0x980 
 COMMON         0x00000080046de000    0x41000 obj/kern/mpconfig.o
                0x00000080046de000                ismp
                0x00000080046de020                cpus
                0x00000080046de240                bootcpu
                0x00000080046de248                ncpu
                0x00000080046df000                percpu_kstacks
 COMMON         0x000000800471f000       0x10 obj/kern/lapic.o
                0x000000800471f000                lapicaddr
                0x000000800471f008                lapic
                0x000000800471f010                PROVIDE (end, .)

.debug
 *(.debug)

.line
 *(.line)

.debug_srcinfo
 *(.debug_srcinfo)

.debug_sfnames
 *(.debug_sfnames)

.debug_aranges  0x0000000000000000      0x600
 *(.debug_aranges)
 .debug_aranges
                0x0000000000000000       0x30 obj/kern/bootstrap.o
 .debug_aranges
                0x0000000000000030       0x30 obj/kern/entry.o
 .debug_aranges
                0x0000000000000060       0x30 obj/kern/init.o
 .debug_aranges
                0x0000000000000090       0x30 obj/kern/console.o
 .debug_aranges
                0x00000000000000c0       0x30 obj/kern/monitor.o
 .debug_aranges
                0x00000000000000f0       0x30 obj/kern/pmap.o
 .debug_aranges
                0x0000000000000120       0x30 obj/kern/env.o
 .debug_aranges
                0x0000000000000150       0x30 obj/kern/kclock.o
 .debug_aranges
                0x0000000000000180       0x30 obj/kern/picirq.o
 .debug_aranges
                0x00000000000001b0       0x30 obj/kern/printf.o
 .debug_aranges
                0x00000000000001e0       0x30 obj/kern/trap.o
 .debug_aranges
                0x0000000000000210       0x30 obj/kern/trapentry.o
 .debug_aranges
                0x0000000000000240       0x30 obj/kern/sched.o
 .debug_aranges
                0x0000000000000270       0x30 obj/kern/syscall.o
 .debug_aranges
                0x00000000000002a0       0x30 obj/kern/kdebug.o
 .debug_aranges
                0x00000000000002d0       0x30 obj/kern/printfmt.o
 .debug_aranges
                0x0000000000000300       0x30 obj/kern/readline.o
 .debug_aranges
                0x0000000000000330       0x30 obj/kern/string.o
 .debug_aranges
                0x0000000000000360       0x30 obj/kern/libdwarf_rw.o
 .debug_aranges
                0x0000000000000390       0x30 obj/kern/libdwarf_frame.o
 .debug_aranges
                0x00000000000003c0       0x30 obj/kern/libdwarf_lineno.o
 .debug_aranges
                0x00000000000003f0       0x30 obj/kern/elf_rw.o
 .debug_aranges
                0x0000000000000420       0x30 obj/kern/mpentry.o
 .debug_aranges
                0x0000000000000450       0x30 obj/kern/mpconfig.o
 .debug_aranges
                0x0000000000000480       0x30 obj/kern/lapic.o
 .debug_aranges
                0x00000000000004b0       0x30 obj/kern/spinlock.o
 .debug_aranges
                0x00000000000004e0       0x30 obj/kern/e1000.o
 .debug_aranges
                0x0000000000000510       0x30 obj/kern/pci.o
 .debug_aranges
                0x0000000000000540       0x30 obj/kern/time.o
 .debug_aranges
                0x0000000000000570       0x30 obj/vmm/ept.o
 .debug_aranges
                0x00000000000005a0       0x30 obj/vmm/vmx.o
 .debug_aranges
                0x00000000000005d0       0x30 obj/vmm/vmexits.o

.debug_pubnames
 *(.debug_pubnames)

.debug_info     0x0000000000000000    0x164de
 *(.debug_info .gnu.linkonce.wi.*)
 .debug_info    0x0000000000000000       0x62 obj/kern/bootstrap.o
 .debug_info    0x0000000000000062       0x5e obj/kern/entry.o
 .debug_info    0x00000000000000c0      0xb62 obj/kern/init.o
 .debug_info    0x0000000000000c22      0xcb8 obj/kern/console.o
 .debug_info    0x00000000000018da      0x8de obj/kern/monitor.o
 .debug_info    0x00000000000021b8     0x23db obj/kern/pmap.o
 .debug_info    0x0000000000004593     0x14d0 obj/kern/env.o
 .debug_info    0x0000000000005a63      0x1ee obj/kern/kclock.o
 .debug_info    0x0000000000005c51      0x483 obj/kern/picirq.o
 .debug_info    0x00000000000060d4      0x1ec obj/kern/printf.o
 .debug_info    0x00000000000062c0     0x12ae obj/kern/trap.o
 .debug_info    0x000000000000756e       0x62 obj/kern/trapentry.o
 .debug_info    0x00000000000075d0      0x8f7 obj/kern/sched.o
 .debug_info    0x0000000000007ec7     0x1000 obj/kern/syscall.o
 .debug_info    0x0000000000008ec7     0x154d obj/kern/kdebug.o
 .debug_info    0x000000000000a414      0x5f5 obj/kern/printfmt.o
 .debug_info    0x000000000000aa09      0x169 obj/kern/readline.o
 .debug_info    0x000000000000ab72      0x6a6 obj/kern/string.o
 .debug_info    0x000000000000b218     0x1425 obj/kern/libdwarf_rw.o
 .debug_info    0x000000000000c63d     0x1094 obj/kern/libdwarf_frame.o
 .debug_info    0x000000000000d6d1      0xdf0 obj/kern/libdwarf_lineno.o
 .debug_info    0x000000000000e4c1      0x96b obj/kern/elf_rw.o
 .debug_info    0x000000000000ee2c       0x60 obj/kern/mpentry.o
 .debug_info    0x000000000000ee8c      0xcc8 obj/kern/mpconfig.o
 .debug_info    0x000000000000fb54      0x8ec obj/kern/lapic.o
 .debug_info    0x0000000000010440      0xa4a obj/kern/spinlock.o
 .debug_info    0x0000000000010e8a      0x598 obj/kern/e1000.o
 .debug_info    0x0000000000011422      0x70a obj/kern/pci.o
 .debug_info    0x0000000000011b2c       0xaf obj/kern/time.o
 .debug_info    0x0000000000011bdb      0xd2c obj/vmm/ept.o
 .debug_info    0x0000000000012907     0x2a24 obj/vmm/vmx.o
 .debug_info    0x000000000001532b     0x11b3 obj/vmm/vmexits.o

.debug_abbrev   0x0000000000000000     0x37f1
 *(.debug_abbrev)
 .debug_abbrev  0x0000000000000000       0x14 obj/kern/bootstrap.o
 .debug_abbrev  0x0000000000000014       0x14 obj/kern/entry.o
 .debug_abbrev  0x0000000000000028      0x26a obj/kern/init.o
 .debug_abbrev  0x0000000000000292      0x2d5 obj/kern/console.o
 .debug_abbrev  0x0000000000000567      0x1ef obj/kern/monitor.o
 .debug_abbrev  0x0000000000000756      0x2c7 obj/kern/pmap.o
 .debug_abbrev  0x0000000000000a1d      0x31e obj/kern/env.o
 .debug_abbrev  0x0000000000000d3b      0x102 obj/kern/kclock.o
 .debug_abbrev  0x0000000000000e3d       0xf0 obj/kern/picirq.o
 .debug_abbrev  0x0000000000000f2d       0xef obj/kern/printf.o
 .debug_abbrev  0x000000000000101c      0x32b obj/kern/trap.o
 .debug_abbrev  0x0000000000001347       0x14 obj/kern/trapentry.o
 .debug_abbrev  0x000000000000135b      0x1dc obj/kern/sched.o
 .debug_abbrev  0x0000000000001537      0x27a obj/kern/syscall.o
 .debug_abbrev  0x00000000000017b1      0x264 obj/kern/kdebug.o
 .debug_abbrev  0x0000000000001a15      0x1e6 obj/kern/printfmt.o
 .debug_abbrev  0x0000000000001bfb       0xab obj/kern/readline.o
 .debug_abbrev  0x0000000000001ca6      0x115 obj/kern/string.o
 .debug_abbrev  0x0000000000001dbb      0x1f8 obj/kern/libdwarf_rw.o
 .debug_abbrev  0x0000000000001fb3      0x22a obj/kern/libdwarf_frame.o
 .debug_abbrev  0x00000000000021dd      0x223 obj/kern/libdwarf_lineno.o
 .debug_abbrev  0x0000000000002400      0x1e0 obj/kern/elf_rw.o
 .debug_abbrev  0x00000000000025e0       0x14 obj/kern/mpentry.o
 .debug_abbrev  0x00000000000025f4      0x22e obj/kern/mpconfig.o
 .debug_abbrev  0x0000000000002822      0x1d5 obj/kern/lapic.o
 .debug_abbrev  0x00000000000029f7      0x23f obj/kern/spinlock.o
 .debug_abbrev  0x0000000000002c36      0x129 obj/kern/e1000.o
 .debug_abbrev  0x0000000000002d5f      0x1c4 obj/kern/pci.o
 .debug_abbrev  0x0000000000002f23       0x78 obj/kern/time.o
 .debug_abbrev  0x0000000000002f9b      0x223 obj/vmm/ept.o
 .debug_abbrev  0x00000000000031be      0x3c6 obj/vmm/vmx.o
 .debug_abbrev  0x0000000000003584      0x26d obj/vmm/vmexits.o

.debug_line     0x0000000000000000     0x4cc4
 *(.debug_line)
 .debug_line    0x0000000000000000       0x99 obj/kern/bootstrap.o
 .debug_line    0x0000000000000099       0x51 obj/kern/entry.o
 .debug_line    0x00000000000000ea      0x1aa obj/kern/init.o
 .debug_line    0x0000000000000294      0x2af obj/kern/console.o
 .debug_line    0x0000000000000543      0x1b0 obj/kern/monitor.o
 .debug_line    0x00000000000006f3      0xe76 obj/kern/pmap.o
 .debug_line    0x0000000000001569      0x49a obj/kern/env.o
 .debug_line    0x0000000000001a03       0x89 obj/kern/kclock.o
 .debug_line    0x0000000000001a8c       0xad obj/kern/picirq.o
 .debug_line    0x0000000000001b39       0x82 obj/kern/printf.o
 .debug_line    0x0000000000001bbb      0x325 obj/kern/trap.o
 .debug_line    0x0000000000001ee0       0x75 obj/kern/trapentry.o
 .debug_line    0x0000000000001f55      0x179 obj/kern/sched.o
 .debug_line    0x00000000000020ce      0x25d obj/kern/syscall.o
 .debug_line    0x000000000000232b      0x1e3 obj/kern/kdebug.o
 .debug_line    0x000000000000250e      0x28e obj/kern/printfmt.o
 .debug_line    0x000000000000279c       0x94 obj/kern/readline.o
 .debug_line    0x0000000000002830      0x1eb obj/kern/string.o
 .debug_line    0x0000000000002a1b      0x45a obj/kern/libdwarf_rw.o
 .debug_line    0x0000000000002e75      0x4f9 obj/kern/libdwarf_frame.o
 .debug_line    0x000000000000336e      0x206 obj/kern/libdwarf_lineno.o
 .debug_line    0x0000000000003574      0x231 obj/kern/elf_rw.o
 .debug_line    0x00000000000037a5       0x74 obj/kern/mpentry.o
 .debug_line    0x0000000000003819      0x1f9 obj/kern/mpconfig.o
 .debug_line    0x0000000000003a12      0x16a obj/kern/lapic.o
 .debug_line    0x0000000000003b7c      0x17a obj/kern/spinlock.o
 .debug_line    0x0000000000003cf6      0x17e obj/kern/e1000.o
 .debug_line    0x0000000000003e74      0x1dc obj/kern/pci.o
 .debug_line    0x0000000000004050       0x50 obj/kern/time.o
 .debug_line    0x00000000000040a0      0x2a1 obj/vmm/ept.o
 .debug_line    0x0000000000004341      0x715 obj/vmm/vmx.o
 .debug_line    0x0000000000004a56      0x26e obj/vmm/vmexits.o

.debug_frame
 *(.debug_frame)

.debug_str      0x0000000000000000     0x3413
 *(.debug_str)
 .debug_str     0x0000000000000000      0x63c obj/kern/init.o
                                        0x6e5 (size before relaxing)
 .debug_str     0x000000000000063c      0x149 obj/kern/console.o
                                        0x2ba (size before relaxing)
 .debug_str     0x0000000000000785      0x171 obj/kern/monitor.o
                                        0x454 (size before relaxing)
 .debug_str     0x00000000000008f6      0x54c obj/kern/pmap.o
                                        0xb4f (size before relaxing)
 .debug_str     0x0000000000000e42      0x334 obj/kern/env.o
                                        0xa3d (size before relaxing)
 .debug_str     0x0000000000001176       0x31 obj/kern/kclock.o
                                        0x177 (size before relaxing)
 .debug_str     0x00000000000011a7       0x35 obj/kern/picirq.o
                                        0x1aa (size before relaxing)
 .debug_str     0x00000000000011dc       0x17 obj/kern/printf.o
                                        0x1ac (size before relaxing)
 .debug_str     0x00000000000011f3      0x282 obj/kern/trap.o
                                        0x924 (size before relaxing)
 .debug_str     0x0000000000001475       0x29 obj/kern/sched.o
                                        0x62e (size before relaxing)
 .debug_str     0x000000000000149e      0x34d obj/kern/syscall.o
                                        0x9ff (size before relaxing)
 .debug_str     0x00000000000017eb      0x905 obj/kern/kdebug.o
                                       0x100d (size before relaxing)
 .debug_str     0x00000000000020f0       0x93 obj/kern/printfmt.o
                                        0x34c (size before relaxing)
 .debug_str     0x0000000000002183       0x27 obj/kern/readline.o
                                        0x1e8 (size before relaxing)
 .debug_str     0x00000000000021aa       0x9e obj/kern/string.o
                                        0x205 (size before relaxing)
 .debug_str     0x0000000000002248      0x25c obj/kern/libdwarf_rw.o
                                        0xbfb (size before relaxing)
 .debug_str     0x00000000000024a4      0x2dd obj/kern/libdwarf_frame.o
                                        0xb54 (size before relaxing)
 .debug_str     0x0000000000002781      0x1bd obj/kern/libdwarf_lineno.o
                                        0xba2 (size before relaxing)
 .debug_str     0x000000000000293e      0x144 obj/kern/elf_rw.o
                                        0x45f (size before relaxing)
 .debug_str     0x0000000000002a82       0xbe obj/kern/mpconfig.o
                                        0x695 (size before relaxing)
 .debug_str     0x0000000000002b40       0x52 obj/kern/lapic.o
                                        0x5df (size before relaxing)
 .debug_str     0x0000000000002b92       0x4d obj/kern/spinlock.o
                                        0x6a9 (size before relaxing)
 .debug_str     0x0000000000002bdf       0xd6 obj/kern/e1000.o
                                        0x378 (size before relaxing)
 .debug_str     0x0000000000002cb5      0x16f obj/kern/pci.o
                                        0x34a (size before relaxing)
 .debug_str     0x0000000000002e24       0x26 obj/kern/time.o
                                        0x106 (size before relaxing)
 .debug_str     0x0000000000002e4a      0x125 obj/vmm/ept.o
                                        0x6b6 (size before relaxing)
 .debug_str     0x0000000000002f6f      0x363 obj/vmm/vmx.o
                                        0xacb (size before relaxing)
 .debug_str     0x00000000000032d2      0x141 obj/vmm/vmexits.o
                                        0x901 (size before relaxing)

.debug_loc      0x0000000000000000     0x6de8
 *(.debug_loc)
 .debug_loc     0x0000000000000000      0x264 obj/kern/init.o
 .debug_loc     0x0000000000000264      0x6c0 obj/kern/console.o
 .debug_loc     0x0000000000000924      0x240 obj/kern/monitor.o
 .debug_loc     0x0000000000000b64      0xc00 obj/kern/pmap.o
 .debug_loc     0x0000000000001764      0x6f8 obj/kern/env.o
 .debug_loc     0x0000000000001e5c       0xc0 obj/kern/kclock.o
 .debug_loc     0x0000000000001f1c      0x120 obj/kern/picirq.o
 .debug_loc     0x000000000000203c      0x120 obj/kern/printf.o
 .debug_loc     0x000000000000215c      0x398 obj/kern/trap.o
 .debug_loc     0x00000000000024f4      0x1e0 obj/kern/sched.o
 .debug_loc     0x00000000000026d4      0x938 obj/kern/syscall.o
 .debug_loc     0x000000000000300c       0xc0 obj/kern/kdebug.o
 .debug_loc     0x00000000000030cc      0x300 obj/kern/printfmt.o
 .debug_loc     0x00000000000033cc       0x60 obj/kern/readline.o
 .debug_loc     0x000000000000342c      0x660 obj/kern/string.o
 .debug_loc     0x0000000000003a8c      0x900 obj/kern/libdwarf_rw.o
 .debug_loc     0x000000000000438c      0x540 obj/kern/libdwarf_frame.o
 .debug_loc     0x00000000000048cc      0x180 obj/kern/libdwarf_lineno.o
 .debug_loc     0x0000000000004a4c      0x240 obj/kern/elf_rw.o
 .debug_loc     0x0000000000004c8c      0x1e0 obj/kern/mpconfig.o
 .debug_loc     0x0000000000004e6c      0x2a0 obj/kern/lapic.o
 .debug_loc     0x000000000000510c      0x240 obj/kern/spinlock.o
 .debug_loc     0x000000000000534c      0x120 obj/kern/e1000.o
 .debug_loc     0x000000000000546c      0x3c0 obj/kern/pci.o
 .debug_loc     0x000000000000582c      0x120 obj/kern/time.o
 .debug_loc     0x000000000000594c      0x58c obj/vmm/ept.o
 .debug_loc     0x0000000000005ed8      0x924 obj/vmm/vmx.o
 .debug_loc     0x00000000000067fc      0x5ec obj/vmm/vmexits.o

.comment        0x0000000000000000       0x2b
 .comment       0x0000000000000000       0x2b obj/kern/init.o
                                         0x2c (size before relaxing)
 .comment       0x0000000000000000       0x2c obj/kern/console.o
 .comment       0x0000000000000000       0x2c obj/kern/monitor.o
 .comment       0x0000000000000000       0x2c obj/kern/pmap.o
 .comment       0x0000000000000000       0x2c obj/kern/env.o
 .comment       0x0000000000000000       0x2c obj/kern/kclock.o
 .comment       0x0000000000000000       0x2c obj/kern/picirq.o
 .comment       0x0000000000000000       0x2c obj/kern/printf.o
 .comment       0x0000000000000000       0x2c obj/kern/trap.o
 .comment       0x0000000000000000       0x2c obj/kern/sched.o
 .comment       0x0000000000000000       0x2c obj/kern/syscall.o
 .comment       0x0000000000000000       0x2c obj/kern/kdebug.o
 .comment       0x0000000000000000       0x2c obj/kern/printfmt.o
 .comment       0x0000000000000000       0x2c obj/kern/readline.o
 .comment       0x0000000000000000       0x2c obj/kern/string.o
 .comment       0x0000000000000000       0x2c obj/kern/libdwarf_rw.o
 .comment       0x0000000000000000       0x2c obj/kern/libdwarf_frame.o
 .comment       0x0000000000000000       0x2c obj/kern/libdwarf_lineno.o
 .comment       0x0000000000000000       0x2c obj/kern/elf_rw.o
 .comment       0x0000000000000000       0x2c obj/kern/mpconfig.o
 .comment       0x0000000000000000       0x2c obj/kern/lapic.o
 .comment       0x0000000000000000       0x2c obj/kern/spinlock.o
 .comment       0x0000000000000000       0x2c obj/kern/e1000.o
 .comment       0x0000000000000000       0x2c obj/kern/pci.o
 .comment       0x0000000000000000       0x2c obj/kern/time.o
 .comment       0x0000000000000000       0x2c obj/vmm/ept.o
 .comment       0x0000000000000000       0x2c obj/vmm/vmx.o
 .comment       0x0000000000000000       0x2c obj/vmm/vmexits.o

.debug_macinfo
 *(.debug_macinfo)

.debug_weaknames
 *(.debug_weaknames)

.debug_funcnames
 *(.debug_funcnames)

.debug_typenames
 *(.debug_typenames)

.debug_varnames
 *(.debug_varnames)

/DISCARD/
 *(.note.GNU-stack)
LOAD obj/kern/entry.o
LOAD obj/kern/bootstrap.o
LOAD obj/kern/init.o
LOAD obj/kern/console.o
LOAD obj/kern/monitor.o
LOAD obj/kern/pmap.o
LOAD obj/kern/env.o
LOAD obj/kern/kclock.o
LOAD obj/kern/picirq.o
LOAD obj/kern/printf.o
LOAD obj/kern/trap.o
LOAD obj/kern/trapentry.o
LOAD obj/kern/sched.o
LOAD obj/kern/syscall.o
LOAD obj/kern/kdebug.o
LOAD obj/kern/printfmt.o
LOAD obj/kern/readline.o
LOAD obj/kern/string.o
LOAD obj/kern/libdwarf_rw.o
LOAD obj/kern/libdwarf_frame.o
LOAD obj/kern/libdwarf_lineno.o
LOAD obj/kern/elf_rw.o
LOAD obj/kern/mpentry.o
LOAD obj/kern/mpconfig.o
LOAD obj/kern/lapic.o
LOAD obj/kern/spinlock.o
LOAD obj/kern/e1000.o
LOAD obj/kern/pci.o
LOAD obj/kern/time.o
LOAD obj/vmm/ept.o
LOAD obj/vmm/vmx.o
LOAD obj/vmm/vmexits.o
LOAD /usr/lib/gcc/x86_64-linux-gnu/4.8/libgcc.a
TARGET(binary)
LOAD obj/user/hello
LOAD obj/user/idle
LOAD obj/user/testfile
LOAD obj/user/writemotd
LOAD obj/user/spawnhello
LOAD obj/user/icode
LOAD obj/fs/fs
LOAD obj/user/testtime
LOAD obj/user/httpd
LOAD obj/user/echosrv
LOAD obj/user/echotest
LOAD obj/net/testoutput
LOAD obj/net/testinput
LOAD obj/net/ns
LOAD obj/user/testpteshare
LOAD obj/user/testfdsharing
LOAD obj/user/testpipe
LOAD obj/user/testpiperace
LOAD obj/user/testpiperace2
LOAD obj/user/primespipe
LOAD obj/user/testkbd
LOAD obj/user/testshell
LOAD obj/user/vmm
LOAD obj/user/sh
OUTPUT(obj/kern/kernel elf64-x86-64)
