
Allocating common symbols
Common symbol       size              file

global_rules_shadow
                    0x630             obj/kern/libdwarf_frame.o
ismp                0x4               obj/kern/mpconfig.o
lapicaddr           0x8               obj/kern/lapic.o
ts                  0x68              obj/kern/trap.o
end_debug           0x8               obj/kern/init.o
mydebug             0x60              obj/kern/kdebug.o
panicstr            0x8               obj/kern/init.o
boot_cr3            0x8               obj/kern/pmap.o
mpentry_kstack      0x8               obj/kern/init.o
cpus                0x220             obj/kern/mpconfig.o
global_std_op       0x200             obj/kern/libdwarf_lineno.o
lapic               0x8               obj/kern/lapic.o
bootcpu             0x8               obj/kern/mpconfig.o
_cie                0x78              obj/kern/kdebug.o
global_rules        0x630             obj/kern/libdwarf_frame.o
boot_pml4e          0x8               obj/kern/pmap.o
ncpu                0x4               obj/kern/mpconfig.o
_fde                0x80              obj/kern/kdebug.o
npages              0x8               obj/kern/pmap.o
pages               0x8               obj/kern/pmap.o
percpu_kstacks      0x40000           obj/kern/mpconfig.o

Discarded input sections

 .note.GNU-stack
                0x0000000000000000        0x0 obj/kern/init.o
 .note.GNU-stack
                0x0000000000000000        0x0 obj/kern/console.o
 .note.GNU-stack
                0x0000000000000000        0x0 obj/kern/monitor.o
 .note.GNU-stack
                0x0000000000000000        0x0 obj/kern/pmap.o
 .note.GNU-stack
                0x0000000000000000        0x0 obj/kern/env.o
 .note.GNU-stack
                0x0000000000000000        0x0 obj/kern/kclock.o
 .note.GNU-stack
                0x0000000000000000        0x0 obj/kern/picirq.o
 .note.GNU-stack
                0x0000000000000000        0x0 obj/kern/printf.o
 .note.GNU-stack
                0x0000000000000000        0x0 obj/kern/trap.o
 .note.GNU-stack
                0x0000000000000000        0x0 obj/kern/sched.o
 .note.GNU-stack
                0x0000000000000000        0x0 obj/kern/syscall.o
 .note.GNU-stack
                0x0000000000000000        0x0 obj/kern/kdebug.o
 .note.GNU-stack
                0x0000000000000000        0x0 obj/kern/printfmt.o
 .note.GNU-stack
                0x0000000000000000        0x0 obj/kern/readline.o
 .note.GNU-stack
                0x0000000000000000        0x0 obj/kern/string.o
 .note.GNU-stack
                0x0000000000000000        0x0 obj/kern/libdwarf_rw.o
 .note.GNU-stack
                0x0000000000000000        0x0 obj/kern/libdwarf_frame.o
 .note.GNU-stack
                0x0000000000000000        0x0 obj/kern/libdwarf_lineno.o
 .note.GNU-stack
                0x0000000000000000        0x0 obj/kern/elf_rw.o
 .note.GNU-stack
                0x0000000000000000        0x0 obj/kern/mpconfig.o
 .note.GNU-stack
                0x0000000000000000        0x0 obj/kern/lapic.o
 .note.GNU-stack
                0x0000000000000000        0x0 obj/kern/spinlock.o
 .note.GNU-stack
                0x0000000000000000        0x0 obj/kern/e1000.o
 .note.GNU-stack
                0x0000000000000000        0x0 obj/kern/pci.o
 .note.GNU-stack
                0x0000000000000000        0x0 obj/kern/time.o
 .note.GNU-stack
                0x0000000000000000        0x0 obj/vmm/ept.o
 .note.GNU-stack
                0x0000000000000000        0x0 obj/vmm/vmx.o
 .note.GNU-stack
                0x0000000000000000        0x0 obj/vmm/vmexits.o

Memory Configuration

Name             Origin             Length             Attributes
*default*        0x0000000000000000 0xffffffffffffffff

Linker script and memory map

                0x0000000000100000                . = 0x100000

.bootstrap      0x0000000000100000     0x7004
 obj/kern/bootstrap.o(.text .data .bss)
 .text          0x0000000000100000      0x115 obj/kern/bootstrap.o
                0x0000000000100000                _head64
                0x00000000001000e5                jumpto_longmode
 *fill*         0x0000000000100115      0xeeb 
 .data          0x0000000000101000     0x6004 obj/kern/bootstrap.o
                0x0000000000102000                pml4phys
                0x0000000000107000                multiboot_info
 .bss           0x0000000000107004        0x0 obj/kern/bootstrap.o
                0x0000008004200000                . = 0x8004200000

.text           0x0000008004200000    0x1cdc3 load address 0x0000000000200000
 *(EXCLUDE_FILE(obj/kern/bootstrap.o) .text .stub .text.* .gnu.linkonce.t.*)
 .text          0x0000008004200000       0x58 obj/kern/entry.o
                0x000000800420000c                entry
                0x000000000020000c                _start
 .text          0x0000008004200058      0x695 obj/kern/init.o
                0x0000008004200099                i386_init
                0x0000008004200403                mp_main
                0x00000080042004c9                _panic
                0x0000008004200600                _warn
 .text          0x00000080042006ed      0xb58 obj/kern/console.o
                0x000000800420077d                serial_intr
                0x0000008004200fcc                kbd_intr
                0x00000080042010a6                cons_getc
                0x000000800420119a                cons_init
                0x00000080042011f3                cputchar
                0x0000008004201211                getchar
                0x0000008004201233                iscons
 .text          0x0000008004201245      0x8ad obj/kern/monitor.o
                0x0000008004201245                mon_help
                0x00000080042012dc                mon_kerninfo
                0x000000800420146a                mon_backtrace
                0x0000008004201a51                monitor
 .text          0x0000008004201af2     0x61aa obj/kern/pmap.o
                0x0000008004202631                x64_vm_init
                0x0000008004202beb                page_init
                0x0000008004202e9b                page_alloc
                0x0000008004202f4d                page_free
                0x0000008004202fcf                page_decref
                0x0000008004203010                pml4e_walk
                0x0000008004203289                pdpe_walk
                0x0000008004203502                pgdir_walk
                0x0000008004203a0d                page_insert
                0x0000008004203d7d                page_lookup
                0x0000008004203e08                page_remove
                0x0000008004203e7b                tlb_invalidate
                0x0000008004203f4a                mmio_map_region
                0x000000800420403f                user_mem_check
                0x000000800420415f                user_mem_assert
 .text          0x0000008004207c9c     0x1c5f obj/kern/env.o
                0x0000008004207e01                envid2env
                0x0000008004207f61                env_init
                0x000000800420802e                env_init_percpu
                0x0000008004208190                env_guest_alloc
                0x000000800420860a                env_guest_free
                0x0000008004208951                env_alloc
                0x0000008004208bdf                load_icode
                0x0000008004208fb2                env_create
                0x000000800420905a                env_free
                0x0000008004209513                env_destroy
                0x0000008004209602                env_pop_tf
                0x00000080042096de                env_run
 .text          0x00000080042098fb       0x7c obj/kern/kclock.o
                0x00000080042098fb                mc146818_read
                0x0000008004209937                mc146818_write
 .text          0x0000008004209977      0x273 obj/kern/picirq.o
                0x0000008004209977                pic_init
                0x0000008004209ac9                irq_setmask_8259A
                0x0000008004209bba                irq_eoi
 .text          0x0000008004209bea      0x165 obj/kern/printf.o
                0x0000008004209c18                vcprintf
                0x0000008004209c77                cprintf
 .text          0x0000008004209d4f     0x3a67 obj/kern/trap.o
                0x0000008004209def                trap_init
                0x000000800420c4f2                trap_init_percpu
                0x000000800420c96e                print_trapframe
                0x000000800420cc7f                print_regs
                0x000000800420d0e7                trap
                0x000000800420d444                page_fault_handler
 *fill*         0x000000800420d7b6        0xa 
 .text          0x000000800420d7c0      0x1c2 obj/kern/trapentry.o
                0x000000800420d7c0                Xdivide
                0x000000800420d7ca                Xdebug
                0x000000800420d7d4                Xnmi
                0x000000800420d7de                Xbrkpt
                0x000000800420d7e8                Xoflow
                0x000000800420d7f2                Xbound
                0x000000800420d7fc                Xillop
                0x000000800420d806                Xdevice
                0x000000800420d810                Xdblflt
                0x000000800420d818                Xtss
                0x000000800420d820                Xsegnp
                0x000000800420d828                Xstack
                0x000000800420d830                Xgpflt
                0x000000800420d838                Xpgflt
                0x000000800420d840                Xfperr
                0x000000800420d84a                Xalign
                0x000000800420d852                Xmchk
                0x000000800420d85c                Xirq0
                0x000000800420d866                Xirq1
                0x000000800420d870                Xirq2
                0x000000800420d87a                Xirq3
                0x000000800420d884                Xirq4
                0x000000800420d88e                Xirq5
                0x000000800420d898                Xirq6
                0x000000800420d8a2                Xirq7
                0x000000800420d8ac                Xirq8
                0x000000800420d8b6                Xirq9
                0x000000800420d8c0                Xirq10
                0x000000800420d8ca                Xirq11
                0x000000800420d8d4                Xirq12
                0x000000800420d8de                Xirq13
                0x000000800420d8e8                Xirq14
                0x000000800420d8f2                Xirq15
                0x000000800420d8fc                Xsyscall
                0x000000800420d906                Xdefault
                0x000000800420d910                _alltraps
 .text          0x000000800420d982      0x4cd obj/kern/sched.o
                0x000000800420da66                sched_yield
                0x000000800420dc4e                sched_halt
 .text          0x000000800420de4f     0x109a obj/kern/syscall.o
                0x000000800420ebef                syscall
 .text          0x000000800420eee9      0xc2f obj/kern/kdebug.o
                0x000000800420eee9                list_func_die
                0x000000800420f64f                debuginfo_rip
 .text          0x000000800420fb18      0xa71 obj/kern/printfmt.o
                0x000000800420fdf3                vprintfmt
                0x000000800421030b                printfmt
                0x000000800421040b                vsnprintf
                0x00000080042104a8                snprintf
 .text          0x0000008004210589      0x155 obj/kern/readline.o
                0x0000008004210589                readline
 .text          0x00000080042106de      0x7c5 obj/kern/string.o
                0x00000080042106de                strlen
                0x000000800421070c                strnlen
                0x000000800421074a                strcpy
                0x000000800421078d                strcat
                0x00000080042107dc                strncpy
                0x000000800421083c                strlcpy
                0x00000080042108ac                strcmp
                0x00000080042108ff                strncmp
                0x0000008004210970                strchr
                0x00000080042109ac                strfind
                0x00000080042109e3                memset
                0x0000008004210a6e                memmove
                0x0000008004210b85                memcpy
                0x0000008004210bb9                memcmp
                0x0000008004210c2d                memfind
                0x0000008004210c76                strtol
                0x0000008004210e08                strstr
 .text          0x0000008004210ea3     0x1f4d obj/kern/libdwarf_rw.o
                0x0000008004210ea3                _dwarf_read_lsb
                0x0000008004210fcf                _dwarf_decode_lsb
                0x00000080042110f0                _dwarf_read_msb
                0x00000080042112a2                _dwarf_decode_msb
                0x0000008004211451                _dwarf_read_sleb128
                0x00000080042114f5                _dwarf_read_uleb128
                0x0000008004211574                _dwarf_decode_sleb128
                0x0000008004211606                _dwarf_decode_uleb128
                0x0000008004211673                _dwarf_read_string
                0x0000008004211702                _dwarf_read_block
                0x000000800421174b                _dwarf_elf_get_byte_order
                0x00000080042117b9                _dwarf_elf_get_pointer_size
                0x0000008004211823                _dwarf_init
                0x0000008004211905                _get_next_cu
                0x0000008004211aa0                print_cu
                0x0000008004211ad7                _dwarf_abbrev_parse
                0x0000008004211d5a                _dwarf_abbrev_find
                0x0000008004211e8b                _dwarf_attr_init
                0x000000800421251c                dwarf_search_die_within_cu
                0x0000008004212815                dwarf_offdie
                0x0000008004212918                _dwarf_attr_find
                0x00000080042129ab                dwarf_siblingof
                0x0000008004212bef                dwarf_child
                0x0000008004212d93                _dwarf_find_section_enhanced
 .text          0x0000008004212df0     0x257f obj/kern/libdwarf_frame.o
                0x0000008004212df0                _dwarf_frame_params_init
                0x0000008004212e30                dwarf_get_fde_at_pc
                0x0000008004212f02                _dwarf_frame_regtable_copy
                0x0000008004213eaf                _dwarf_frame_get_internal_table
                0x000000800421413c                dwarf_get_fde_info_for_all_regs
                0x0000008004214fde                _dwarf_frame_interal_table_init
                0x0000008004215297                dwarf_set_frame_cfa_value
                0x00000080042152c7                dwarf_init_eh_section
 .text          0x000000800421536f      0xd4b obj/kern/libdwarf_lineno.o
                0x00000080042159cb                _dwarf_lineno_init
                0x0000008004215f3f                dwarf_srclines
 .text          0x00000080042160ba      0xd12 obj/kern/elf_rw.o
                0x00000080042160ba                _dwarf_find_section
                0x000000800421613a                find_debug_sections
                0x0000008004216403                read_section_headers
                0x0000008004216b42                readseg
                0x0000008004216ca6                waitdisk
                0x0000008004216cd2                readsect
 *fill*         0x0000008004216dcc        0x4 
 .text          0x0000008004216dd0       0xe7 obj/kern/mpentry.o
                0x0000008004216dd0                mpentry_start
                0x0000008004216eb6                mpentry_end
 .text          0x0000008004216eb7      0x8f2 obj/kern/mpconfig.o
                0x000000800421738d                mp_init
 .text          0x00000080042177a9      0x473 obj/kern/lapic.o
                0x00000080042177eb                lapic_init
                0x00000080042179e2                cpunum
                0x0000008004217a17                lapic_eoi
                0x0000008004217a52                lapic_startap
                0x0000008004217bd5                lapic_ipi
 .text          0x0000008004217c1c      0x472 obj/kern/spinlock.o
                0x0000008004217d39                __spin_initlock
                0x0000008004217d6d                spin_lock
                0x0000008004217e44                spin_unlock
 .text          0x000000800421808e      0x680 obj/kern/e1000.o
                0x000000800421808e                e1000_attach
                0x0000008004218419                e1000_transmit
                0x0000008004218588                e1000_receive
 .text          0x000000800421870e      0xafa obj/kern/pci.o
                0x0000008004218f4b                pci_func_enable
                0x00000080042191cc                pci_init
 .text          0x0000008004219208       0xa3 obj/kern/time.o
                0x0000008004219208                time_init
                0x000000800421921e                time_tick
                0x0000008004219290                time_msec
 .text          0x00000080042192ab      0x5eb obj/vmm/ept.o
                0x0000008004219446                ept_gpa2hva
                0x00000080042196fe                free_guest_mem
                0x0000008004219732                ept_page_insert
                0x0000008004219750                ept_map_hva2gpa
                0x0000008004219772                ept_alloc_static
 .text          0x0000008004219896     0x2ae4 obj/vmm/vmx.o
                0x0000008004219a5f                vmx_list_vms
                0x0000008004219b1f                vmx_sel_resume
                0x0000008004219bf5                vmx_check_support
                0x0000008004219c4e                vmx_check_ept
                0x0000008004219c7c                check_fixed_bits
                0x0000008004219d45                vmx_init_vmcs
                0x0000008004219e4b                vmx_init_vmxon
                0x000000800421a2fc                vmcs_host_init
                0x000000800421a6ca                vmcs_guest_init
                0x000000800421af08                vmx_read_capability_msr
                0x000000800421b5d7                vmcs_dump_cpu
                0x000000800421b718                vmexit
                0x000000800421bcc2                asm_vmrun
                0x000000800421be52                msr_setup
                0x000000800421bf65                bitmap_setup
                0x000000800421c0a7                vmx_vmrun
 .text          0x000000800421c37a      0xa49 obj/vmm/vmexits.o
                0x000000800421c493                vmx_get_vmdisk_number
                0x000000800421c4a5                vmx_incr_vmdisk_number
                0x000000800421c4c6                find_msr_in_region
                0x000000800421c51d                handle_interrupt_window
                0x000000800421c59e                handle_interrupts
                0x000000800421c64b                handle_rdmsr
                0x000000800421c753                handle_wrmsr
                0x000000800421c8bf                handle_eptviolation
                0x000000800421cab1                handle_ioinstr
                0x000000800421cc90                handle_cpuid
                0x000000800421ccca                handle_vmcall
                0x000000800421cdc3                PROVIDE (etext, .)

.iplt           0x000000800421cdd0        0x0 load address 0x000000000021cdd0
 .iplt          0x0000000000000000        0x0 obj/kern/bootstrap.o

.rodata         0x000000800421cde0     0x36d8 load address 0x000000000021cde0
 *(EXCLUDE_FILE(obj/kern/bootstrap.o) .rodata .rodata.* .gnu.linkonce.r.*)
 .rodata        0x000000800421cde0       0xd6 obj/kern/init.o
 .rodata        0x000000800421ceb6       0x29 obj/kern/console.o
 *fill*         0x000000800421cedf        0x1 
 .rodata        0x000000800421cee0      0x2e1 obj/kern/monitor.o
 *fill*         0x000000800421d1c1        0x7 
 .rodata        0x000000800421d1c8      0xf2c obj/kern/pmap.o
 *fill*         0x000000800421e0f4        0x4 
 .rodata        0x000000800421e0f8      0x1dd obj/kern/env.o
 .rodata        0x000000800421e2d5       0x1a obj/kern/picirq.o
 *fill*         0x000000800421e2ef       0x11 
 .rodata        0x000000800421e300      0x4a0 obj/kern/trap.o
 .rodata        0x000000800421e7a0       0x8c obj/kern/sched.o
 *fill*         0x000000800421e82c        0x4 
 .rodata        0x000000800421e830      0x1c8 obj/kern/syscall.o
 *fill*         0x000000800421e9f8        0x8 
 .rodata        0x000000800421ea00      0x37b obj/kern/kdebug.o
 *fill*         0x000000800421ed7b        0x5 
 .rodata        0x000000800421ed80      0x4c8 obj/kern/printfmt.o
 .rodata        0x000000800421f248       0x13 obj/kern/readline.o
 *fill*         0x000000800421f25b        0x5 
 .rodata        0x000000800421f260      0x1ab obj/kern/libdwarf_rw.o
 *fill*         0x000000800421f40b        0x5 
 .rodata        0x000000800421f410      0x1d8 obj/kern/libdwarf_frame.o
 .rodata        0x000000800421f5e8       0xc3 obj/kern/libdwarf_lineno.o
 .rodata        0x000000800421f6ab       0xa7 obj/kern/elf_rw.o
 *fill*         0x000000800421f752        0x6 
 .rodata        0x000000800421f758      0x291 obj/kern/mpconfig.o
 *fill*         0x000000800421f9e9        0x7 
 .rodata        0x000000800421f9f0       0x33 obj/kern/lapic.o
 *fill*         0x000000800421fa23        0x5 
 .rodata        0x000000800421fa28       0xf1 obj/kern/spinlock.o
 *fill*         0x000000800421fb19        0x7 
 .rodata        0x000000800421fb20       0x87 obj/kern/e1000.o
 *fill*         0x000000800421fba7        0x1 
 .rodata        0x000000800421fba8      0x287 obj/kern/pci.o
 .rodata        0x000000800421fe2f       0x2a obj/kern/time.o
 *fill*         0x000000800421fe59        0x7 
 .rodata        0x000000800421fe60       0x60 obj/vmm/ept.o
 .rodata        0x000000800421fec0      0x45f obj/vmm/vmx.o
 *fill*         0x000000800422031f        0x1 
 .rodata        0x0000008004220320      0x198 obj/vmm/vmexits.o

.eh_frame       0x00000080042204b8     0x25f8 load address 0x00000000002204b8
 .eh_frame      0x00000080042204b8       0xf8 obj/kern/init.o
                                         0xf0 (size before relaxing)
 .eh_frame      0x00000080042205b0      0x240 obj/kern/console.o
                                        0x258 (size before relaxing)
 .eh_frame      0x00000080042207f0       0xc0 obj/kern/monitor.o
                                         0xd8 (size before relaxing)
 .eh_frame      0x00000080042208b0      0x438 obj/kern/pmap.o
                                        0x448 (size before relaxing)
 .eh_frame      0x0000008004220ce8      0x280 obj/kern/env.o
                                        0x290 (size before relaxing)
 .eh_frame      0x0000008004220f68       0x40 obj/kern/kclock.o
                                         0x58 (size before relaxing)
 .eh_frame      0x0000008004220fa8       0x60 obj/kern/picirq.o
                                         0x78 (size before relaxing)
 .eh_frame      0x0000008004221008       0x60 obj/kern/printf.o
                                         0x78 (size before relaxing)
 .eh_frame      0x0000008004221068      0x148 obj/kern/trap.o
                                        0x158 (size before relaxing)
 .eh_frame      0x00000080042211b0       0xa0 obj/kern/sched.o
                                         0xb8 (size before relaxing)
 .eh_frame      0x0000008004221250      0x310 obj/kern/syscall.o
                                        0x320 (size before relaxing)
 .eh_frame      0x0000008004221560       0x48 obj/kern/kdebug.o
                                         0x60 (size before relaxing)
 .eh_frame      0x00000080042215a8      0x118 obj/kern/printfmt.o
                                        0x128 (size before relaxing)
 .eh_frame      0x00000080042216c0       0x20 obj/kern/readline.o
                                         0x38 (size before relaxing)
 .eh_frame      0x00000080042216e0      0x220 obj/kern/string.o
                                        0x238 (size before relaxing)
 .eh_frame      0x0000008004221900      0x308 obj/kern/libdwarf_rw.o
                                        0x320 (size before relaxing)
 .eh_frame      0x0000008004221c08      0x1d0 obj/kern/libdwarf_frame.o
                                        0x1e8 (size before relaxing)
 .eh_frame      0x0000008004221dd8       0x98 obj/kern/libdwarf_lineno.o
                                         0xb0 (size before relaxing)
 .eh_frame      0x0000008004221e70       0xc0 obj/kern/elf_rw.o
                                         0xd8 (size before relaxing)
 .eh_frame      0x0000008004221f30       0xa8 obj/kern/mpconfig.o
                                         0xc0 (size before relaxing)
 .eh_frame      0x0000008004221fd8       0xe0 obj/kern/lapic.o
                                         0xf8 (size before relaxing)
 .eh_frame      0x00000080042220b8       0xe0 obj/kern/spinlock.o
                                         0xf0 (size before relaxing)
 .eh_frame      0x0000008004222198       0x60 obj/kern/e1000.o
                                         0x78 (size before relaxing)
 .eh_frame      0x00000080042221f8      0x140 obj/kern/pci.o
                                        0x158 (size before relaxing)
 .eh_frame      0x0000008004222338       0x60 obj/kern/time.o
                                         0x78 (size before relaxing)
 .eh_frame      0x0000008004222398      0x1a8 obj/vmm/ept.o
                                        0x1c0 (size before relaxing)
 .eh_frame      0x0000008004222540      0x350 obj/vmm/vmx.o
                                        0x360 (size before relaxing)
 .eh_frame      0x0000008004222890      0x220 obj/vmm/vmexits.o
                                        0x230 (size before relaxing)

.rela.dyn       0x0000008004222ab0        0x0 load address 0x0000000000222ab0
 .rela.iplt     0x0000000000000000        0x0 obj/kern/bootstrap.o
 .rela.text     0x0000000000000000        0x0 obj/kern/bootstrap.o
 .rela.data     0x0000000000000000        0x0 obj/kern/bootstrap.o
                0x0000008004223000                . = ALIGN (0x1000)

.data           0x0000008004223000   0x2b834f load address 0x0000000000223000
 *(EXCLUDE_FILE(obj/kern/bootstrap.o) .data)
 .data          0x0000008004223000    0x10042 obj/kern/entry.o
                0x0000008004223000                bootstack
                0x0000008004233000                kernel_64
                0x0000008004233000                bootstacktop
                0x0000008004233038                gdtdesc_64
 .data          0x0000008004233042        0x0 obj/kern/init.o
 *fill*         0x0000008004233042       0x1e 
 .data          0x0000008004233060      0x520 obj/kern/console.o
 .data          0x0000008004233580       0x60 obj/kern/monitor.o
 .data          0x00000080042335e0        0x8 obj/kern/pmap.o
 *fill*         0x00000080042335e8       0x18 
 .data          0x0000008004233600       0x72 obj/kern/env.o
                0x0000008004233600                gdt
                0x0000008004233668                gdt_pd
 .data          0x0000008004233672        0x0 obj/kern/kclock.o
 .data          0x0000008004233672        0x2 obj/kern/picirq.o
                0x0000008004233672                irq_mask_8259A
 .data          0x0000008004233674        0x0 obj/kern/printf.o
 .data          0x0000008004233674        0x0 obj/kern/trap.o
 .data          0x0000008004233674        0x0 obj/kern/trapentry.o
 .data          0x0000008004233674        0x0 obj/kern/sched.o
 .data          0x0000008004233674        0x0 obj/kern/syscall.o
 *fill*         0x0000008004233674        0x4 
 .data          0x0000008004233678       0x18 obj/kern/kdebug.o
                0x0000008004233678                fde
                0x0000008004233680                cie
                0x0000008004233688                dbg
 .data          0x0000008004233690        0x0 obj/kern/printfmt.o
 .data          0x0000008004233690        0x0 obj/kern/readline.o
 .data          0x0000008004233690        0x0 obj/kern/string.o
 .data          0x0000008004233690        0x0 obj/kern/libdwarf_rw.o
 *fill*         0x0000008004233690       0x10 
 .data          0x00000080042336a0       0x20 obj/kern/libdwarf_frame.o
                0x00000080042336a0                debug_frame_sec
 .data          0x00000080042336c0        0x0 obj/kern/libdwarf_lineno.o
 .data          0x00000080042336c0       0xa0 obj/kern/elf_rw.o
                0x00000080042336c0                section_info
 .data          0x0000008004233760        0x0 obj/kern/mpentry.o
 .data          0x0000008004233760        0x0 obj/kern/mpconfig.o
 .data          0x0000008004233760        0x0 obj/kern/lapic.o
 .data          0x0000008004233760       0x68 obj/kern/spinlock.o
                0x0000008004233760                kernel_lock
 .data          0x00000080042337c8        0x0 obj/kern/e1000.o
 *fill*         0x00000080042337c8       0x18 
 .data          0x00000080042337e0       0x98 obj/kern/pci.o
                0x0000008004233800                pci_attach_class
                0x0000008004233820                pci_attach_vendor
 .data          0x0000008004233878        0x0 obj/kern/time.o
 .data          0x0000008004233878        0x0 obj/vmm/ept.o
 .data          0x0000008004233878        0x0 obj/vmm/vmx.o
 .data          0x0000008004233878        0x0 obj/vmm/vmexits.o
 .data          0x0000008004233878    0x16241 obj/user/hello
                0x0000008004233878                _binary_obj_user_hello_start
                0x0000008004249ab9                _binary_obj_user_hello_end
 .data          0x0000008004249ab9    0x15d18 obj/user/idle
                0x0000008004249ab9                _binary_obj_user_idle_start
                0x000000800425f7d1                _binary_obj_user_idle_end
 .data          0x000000800425f7d1    0x17666 obj/user/testfile
                0x000000800425f7d1                _binary_obj_user_testfile_start
                0x0000008004276e37                _binary_obj_user_testfile_end
 .data          0x0000008004276e37    0x15da5 obj/user/writemotd
                0x0000008004276e37                _binary_obj_user_writemotd_start
                0x000000800428cbdc                _binary_obj_user_writemotd_end
 .data          0x000000800428cbdc    0x187f4 obj/user/spawnhello
                0x000000800428cbdc                _binary_obj_user_spawnhello_start
                0x00000080042a53d0                _binary_obj_user_spawnhello_end
 .data          0x00000080042a53d0    0x1833f obj/user/icode
                0x00000080042a53d0                _binary_obj_user_icode_start
                0x00000080042bd70f                _binary_obj_user_icode_end
 .data          0x00000080042bd70f    0x27a09 obj/fs/fs
                0x00000080042bd70f                _binary_obj_fs_fs_start
                0x00000080042e5118                _binary_obj_fs_fs_end
 .data          0x00000080042e5118    0x15f52 obj/user/testtime
                0x00000080042e5118                _binary_obj_user_testtime_start
                0x00000080042fb06a                _binary_obj_user_testtime_end
 .data          0x00000080042fb06a    0x1a422 obj/user/httpd
                0x00000080042fb06a                _binary_obj_user_httpd_start
                0x000000800431548c                _binary_obj_user_httpd_end
 .data          0x000000800431548c    0x17c63 obj/user/echosrv
                0x000000800431548c                _binary_obj_user_echosrv_start
                0x000000800432d0ef                _binary_obj_user_echosrv_end
 .data          0x000000800432d0ef    0x17b9a obj/user/echotest
                0x000000800432d0ef                _binary_obj_user_echotest_start
                0x0000008004344c89                _binary_obj_user_echotest_end
 .data          0x0000008004344c89    0x19754 obj/net/testoutput
                0x0000008004344c89                _binary_obj_net_testoutput_start
                0x000000800435e3dd                _binary_obj_net_testoutput_end
 .data          0x000000800435e3dd    0x1b786 obj/net/testinput
                0x000000800435e3dd                _binary_obj_net_testinput_start
                0x0000008004379b63                _binary_obj_net_testinput_end
 .data          0x0000008004379b63    0x6500e obj/net/ns
                0x0000008004379b63                _binary_obj_net_ns_start
                0x00000080043deb71                _binary_obj_net_ns_end
 .data          0x00000080043deb71    0x1b111 obj/user/testpteshare
                0x00000080043deb71                _binary_obj_user_testpteshare_start
                0x00000080043f9c82                _binary_obj_user_testpteshare_end
 .data          0x00000080043f9c82    0x18b37 obj/user/testfdsharing
                0x00000080043f9c82                _binary_obj_user_testfdsharing_start
                0x00000080044127b9                _binary_obj_user_testfdsharing_end
 .data          0x00000080044127b9    0x1901d obj/user/testpipe
                0x00000080044127b9                _binary_obj_user_testpipe_start
                0x000000800442b7d6                _binary_obj_user_testpipe_end
 .data          0x000000800442b7d6    0x18901 obj/user/testpiperace
                0x000000800442b7d6                _binary_obj_user_testpiperace_start
                0x00000080044440d7                _binary_obj_user_testpiperace_end
 .data          0x00000080044440d7    0x188d2 obj/user/testpiperace2
                0x00000080044440d7                _binary_obj_user_testpiperace2_start
                0x000000800445c9a9                _binary_obj_user_testpiperace2_end
 .data          0x000000800445c9a9    0x183a1 obj/user/primespipe
                0x000000800445c9a9                _binary_obj_user_primespipe_start
                0x0000008004474d4a                _binary_obj_user_primespipe_end
 .data          0x0000008004474d4a    0x1697e obj/user/testkbd
                0x0000008004474d4a                _binary_obj_user_testkbd_start
                0x000000800448b6c8                _binary_obj_user_testkbd_end
 .data          0x000000800448b6c8    0x1b18e obj/user/testshell
                0x000000800448b6c8                _binary_obj_user_testshell_start
                0x00000080044a6856                _binary_obj_user_testshell_end
 .data          0x00000080044a6856    0x1697c obj/user/vmm
                0x00000080044a6856                _binary_obj_user_vmm_start
                0x00000080044bd1d2                _binary_obj_user_vmm_end
 .data          0x00000080044bd1d2    0x1e17d obj/user/sh
                0x00000080044bd1d2                _binary_obj_user_sh_start
                0x00000080044db34f                _binary_obj_user_sh_end
                0x00000080044db34f                PROVIDE (edata, .)

.igot.plt       0x00000080044db350        0x0 load address 0x00000000004db350
 .igot.plt      0x0000000000000000        0x0 obj/kern/bootstrap.o

.bss            0x00000080044dc000   0x242010 load address 0x00000000004dc000
 *(EXCLUDE_FILE(obj/kern/bootstrap.o) .bss)
 .bss           0x00000080044dc000        0x0 obj/kern/entry.o
 .bss           0x00000080044dc000        0x0 obj/kern/init.o
 .bss           0x00000080044dc000      0x22c obj/kern/console.o
 .bss           0x00000080044dc22c        0x0 obj/kern/monitor.o
 *fill*         0x00000080044dc22c        0x4 
 .bss           0x00000080044dc230       0x20 obj/kern/pmap.o
 .bss           0x00000080044dc250       0x18 obj/kern/env.o
                0x00000080044dc250                vcpu_count
                0x00000080044dc258                envs
 .bss           0x00000080044dc268        0x0 obj/kern/kclock.o
 .bss           0x00000080044dc268        0x1 obj/kern/picirq.o
 .bss           0x00000080044dc269        0x0 obj/kern/printf.o
 *fill*         0x00000080044dc269       0x17 
 .bss           0x00000080044dc280     0x1018 obj/kern/trap.o
                0x00000080044dc280                idt
                0x00000080044dd280                idt_pd
 .bss           0x00000080044dd298        0x0 obj/kern/trapentry.o
 .bss           0x00000080044dd298        0x0 obj/kern/sched.o
 .bss           0x00000080044dd298        0x0 obj/kern/syscall.o
 .bss           0x00000080044dd298        0x8 obj/kern/kdebug.o
 .bss           0x00000080044dd2a0        0x0 obj/kern/printfmt.o
 .bss           0x00000080044dd2a0      0x400 obj/kern/readline.o
 .bss           0x00000080044dd6a0        0x0 obj/kern/string.o
 .bss           0x00000080044dd6a0        0x0 obj/kern/libdwarf_rw.o
 .bss           0x00000080044dd6a0       0x68 obj/kern/libdwarf_frame.o
                0x00000080044dd6a0                global_rt_table
                0x00000080044dd6e0                global_rt_table_shadow
 .bss           0x00000080044dd708        0x0 obj/kern/libdwarf_lineno.o
 .bss           0x00000080044dd708        0x0 obj/kern/elf_rw.o
 .bss           0x00000080044dd708        0x0 obj/kern/mpentry.o
 .bss           0x00000080044dd708        0x0 obj/kern/mpconfig.o
 .bss           0x00000080044dd708        0x0 obj/kern/lapic.o
 .bss           0x00000080044dd708        0x0 obj/kern/spinlock.o
 *fill*         0x00000080044dd708       0x18 
 .bss           0x00000080044dd720   0x1fde80 obj/kern/e1000.o
 .bss           0x00000080046db5a0       0x20 obj/kern/pci.o
 .bss           0x00000080046db5c0        0x4 obj/kern/time.o
 .bss           0x00000080046db5c4        0x0 obj/vmm/ept.o
 .bss           0x00000080046db5c4        0x4 obj/vmm/vmx.o
 .bss           0x00000080046db5c8        0x8 obj/vmm/vmexits.o
 COMMON         0x00000080046db5d0       0x18 obj/kern/init.o
                0x00000080046db5d0                end_debug
                0x00000080046db5d8                panicstr
                0x00000080046db5e0                mpentry_kstack
 COMMON         0x00000080046db5e8       0x20 obj/kern/pmap.o
                0x00000080046db5e8                boot_cr3
                0x00000080046db5f0                boot_pml4e
                0x00000080046db5f8                npages
                0x00000080046db600                pages
 *fill*         0x00000080046db608       0x18 
 COMMON         0x00000080046db620       0x68 obj/kern/trap.o
                0x00000080046db620                ts
 *fill*         0x00000080046db688       0x18 
 COMMON         0x00000080046db6a0      0x160 obj/kern/kdebug.o
                0x00000080046db6a0                mydebug
                0x00000080046db700                _cie
                0x00000080046db780                _fde
 COMMON         0x00000080046db800      0xc70 obj/kern/libdwarf_frame.o
                0x00000080046db800                global_rules_shadow
                0x00000080046dbe40                global_rules
 *fill*         0x00000080046dc470       0x10 
 COMMON         0x00000080046dc480      0x200 obj/kern/libdwarf_lineno.o
                0x00000080046dc480                global_std_op
 *fill*         0x00000080046dc680      0x980 
 COMMON         0x00000080046dd000    0x41000 obj/kern/mpconfig.o
                0x00000080046dd000                ismp
                0x00000080046dd020                cpus
                0x00000080046dd240                bootcpu
                0x00000080046dd248                ncpu
                0x00000080046de000                percpu_kstacks
 COMMON         0x000000800471e000       0x10 obj/kern/lapic.o
                0x000000800471e000                lapicaddr
                0x000000800471e008                lapic
                0x000000800471e010                PROVIDE (end, .)

.debug
 *(.debug)

.line
 *(.line)

.debug_srcinfo
 *(.debug_srcinfo)

.debug_sfnames
 *(.debug_sfnames)

.debug_aranges  0x0000000000000000      0x600
 *(.debug_aranges)
 .debug_aranges
                0x0000000000000000       0x30 obj/kern/bootstrap.o
 .debug_aranges
                0x0000000000000030       0x30 obj/kern/entry.o
 .debug_aranges
                0x0000000000000060       0x30 obj/kern/init.o
 .debug_aranges
                0x0000000000000090       0x30 obj/kern/console.o
 .debug_aranges
                0x00000000000000c0       0x30 obj/kern/monitor.o
 .debug_aranges
                0x00000000000000f0       0x30 obj/kern/pmap.o
 .debug_aranges
                0x0000000000000120       0x30 obj/kern/env.o
 .debug_aranges
                0x0000000000000150       0x30 obj/kern/kclock.o
 .debug_aranges
                0x0000000000000180       0x30 obj/kern/picirq.o
 .debug_aranges
                0x00000000000001b0       0x30 obj/kern/printf.o
 .debug_aranges
                0x00000000000001e0       0x30 obj/kern/trap.o
 .debug_aranges
                0x0000000000000210       0x30 obj/kern/trapentry.o
 .debug_aranges
                0x0000000000000240       0x30 obj/kern/sched.o
 .debug_aranges
                0x0000000000000270       0x30 obj/kern/syscall.o
 .debug_aranges
                0x00000000000002a0       0x30 obj/kern/kdebug.o
 .debug_aranges
                0x00000000000002d0       0x30 obj/kern/printfmt.o
 .debug_aranges
                0x0000000000000300       0x30 obj/kern/readline.o
 .debug_aranges
                0x0000000000000330       0x30 obj/kern/string.o
 .debug_aranges
                0x0000000000000360       0x30 obj/kern/libdwarf_rw.o
 .debug_aranges
                0x0000000000000390       0x30 obj/kern/libdwarf_frame.o
 .debug_aranges
                0x00000000000003c0       0x30 obj/kern/libdwarf_lineno.o
 .debug_aranges
                0x00000000000003f0       0x30 obj/kern/elf_rw.o
 .debug_aranges
                0x0000000000000420       0x30 obj/kern/mpentry.o
 .debug_aranges
                0x0000000000000450       0x30 obj/kern/mpconfig.o
 .debug_aranges
                0x0000000000000480       0x30 obj/kern/lapic.o
 .debug_aranges
                0x00000000000004b0       0x30 obj/kern/spinlock.o
 .debug_aranges
                0x00000000000004e0       0x30 obj/kern/e1000.o
 .debug_aranges
                0x0000000000000510       0x30 obj/kern/pci.o
 .debug_aranges
                0x0000000000000540       0x30 obj/kern/time.o
 .debug_aranges
                0x0000000000000570       0x30 obj/vmm/ept.o
 .debug_aranges
                0x00000000000005a0       0x30 obj/vmm/vmx.o
 .debug_aranges
                0x00000000000005d0       0x30 obj/vmm/vmexits.o

.debug_pubnames
 *(.debug_pubnames)

.debug_info     0x0000000000000000    0x15e23
 *(.debug_info .gnu.linkonce.wi.*)
 .debug_info    0x0000000000000000       0x62 obj/kern/bootstrap.o
 .debug_info    0x0000000000000062       0x5e obj/kern/entry.o
 .debug_info    0x00000000000000c0      0xb62 obj/kern/init.o
 .debug_info    0x0000000000000c22      0xcb8 obj/kern/console.o
 .debug_info    0x00000000000018da      0x8de obj/kern/monitor.o
 .debug_info    0x00000000000021b8     0x23db obj/kern/pmap.o
 .debug_info    0x0000000000004593     0x14d0 obj/kern/env.o
 .debug_info    0x0000000000005a63      0x1ee obj/kern/kclock.o
 .debug_info    0x0000000000005c51      0x483 obj/kern/picirq.o
 .debug_info    0x00000000000060d4      0x1ec obj/kern/printf.o
 .debug_info    0x00000000000062c0     0x12ae obj/kern/trap.o
 .debug_info    0x000000000000756e       0x62 obj/kern/trapentry.o
 .debug_info    0x00000000000075d0      0x8f7 obj/kern/sched.o
 .debug_info    0x0000000000007ec7      0xf8d obj/kern/syscall.o
 .debug_info    0x0000000000008e54     0x154d obj/kern/kdebug.o
 .debug_info    0x000000000000a3a1      0x5f5 obj/kern/printfmt.o
 .debug_info    0x000000000000a996      0x169 obj/kern/readline.o
 .debug_info    0x000000000000aaff      0x6a6 obj/kern/string.o
 .debug_info    0x000000000000b1a5     0x1425 obj/kern/libdwarf_rw.o
 .debug_info    0x000000000000c5ca     0x1094 obj/kern/libdwarf_frame.o
 .debug_info    0x000000000000d65e      0xdf0 obj/kern/libdwarf_lineno.o
 .debug_info    0x000000000000e44e      0x96b obj/kern/elf_rw.o
 .debug_info    0x000000000000edb9       0x60 obj/kern/mpentry.o
 .debug_info    0x000000000000ee19      0xcc8 obj/kern/mpconfig.o
 .debug_info    0x000000000000fae1      0x8ec obj/kern/lapic.o
 .debug_info    0x00000000000103cd      0xa4a obj/kern/spinlock.o
 .debug_info    0x0000000000010e17      0x598 obj/kern/e1000.o
 .debug_info    0x00000000000113af      0x70a obj/kern/pci.o
 .debug_info    0x0000000000011ab9       0xaf obj/kern/time.o
 .debug_info    0x0000000000011b68      0x6e4 obj/vmm/ept.o
 .debug_info    0x000000000001224c     0x2a24 obj/vmm/vmx.o
 .debug_info    0x0000000000014c70     0x11b3 obj/vmm/vmexits.o

.debug_abbrev   0x0000000000000000     0x3768
 *(.debug_abbrev)
 .debug_abbrev  0x0000000000000000       0x14 obj/kern/bootstrap.o
 .debug_abbrev  0x0000000000000014       0x14 obj/kern/entry.o
 .debug_abbrev  0x0000000000000028      0x26a obj/kern/init.o
 .debug_abbrev  0x0000000000000292      0x2d5 obj/kern/console.o
 .debug_abbrev  0x0000000000000567      0x1ef obj/kern/monitor.o
 .debug_abbrev  0x0000000000000756      0x2c7 obj/kern/pmap.o
 .debug_abbrev  0x0000000000000a1d      0x31e obj/kern/env.o
 .debug_abbrev  0x0000000000000d3b      0x102 obj/kern/kclock.o
 .debug_abbrev  0x0000000000000e3d       0xf0 obj/kern/picirq.o
 .debug_abbrev  0x0000000000000f2d       0xef obj/kern/printf.o
 .debug_abbrev  0x000000000000101c      0x32b obj/kern/trap.o
 .debug_abbrev  0x0000000000001347       0x14 obj/kern/trapentry.o
 .debug_abbrev  0x000000000000135b      0x1dc obj/kern/sched.o
 .debug_abbrev  0x0000000000001537      0x27a obj/kern/syscall.o
 .debug_abbrev  0x00000000000017b1      0x264 obj/kern/kdebug.o
 .debug_abbrev  0x0000000000001a15      0x1e6 obj/kern/printfmt.o
 .debug_abbrev  0x0000000000001bfb       0xab obj/kern/readline.o
 .debug_abbrev  0x0000000000001ca6      0x115 obj/kern/string.o
 .debug_abbrev  0x0000000000001dbb      0x1f8 obj/kern/libdwarf_rw.o
 .debug_abbrev  0x0000000000001fb3      0x22a obj/kern/libdwarf_frame.o
 .debug_abbrev  0x00000000000021dd      0x223 obj/kern/libdwarf_lineno.o
 .debug_abbrev  0x0000000000002400      0x1e0 obj/kern/elf_rw.o
 .debug_abbrev  0x00000000000025e0       0x14 obj/kern/mpentry.o
 .debug_abbrev  0x00000000000025f4      0x22e obj/kern/mpconfig.o
 .debug_abbrev  0x0000000000002822      0x1d5 obj/kern/lapic.o
 .debug_abbrev  0x00000000000029f7      0x23f obj/kern/spinlock.o
 .debug_abbrev  0x0000000000002c36      0x129 obj/kern/e1000.o
 .debug_abbrev  0x0000000000002d5f      0x1c4 obj/kern/pci.o
 .debug_abbrev  0x0000000000002f23       0x78 obj/kern/time.o
 .debug_abbrev  0x0000000000002f9b      0x19a obj/vmm/ept.o
 .debug_abbrev  0x0000000000003135      0x3c6 obj/vmm/vmx.o
 .debug_abbrev  0x00000000000034fb      0x26d obj/vmm/vmexits.o

.debug_line     0x0000000000000000     0x4b9f
 *(.debug_line)
 .debug_line    0x0000000000000000       0x99 obj/kern/bootstrap.o
 .debug_line    0x0000000000000099       0x51 obj/kern/entry.o
 .debug_line    0x00000000000000ea      0x1a9 obj/kern/init.o
 .debug_line    0x0000000000000293      0x2af obj/kern/console.o
 .debug_line    0x0000000000000542      0x1b0 obj/kern/monitor.o
 .debug_line    0x00000000000006f2      0xe76 obj/kern/pmap.o
 .debug_line    0x0000000000001568      0x493 obj/kern/env.o
 .debug_line    0x00000000000019fb       0x89 obj/kern/kclock.o
 .debug_line    0x0000000000001a84       0xad obj/kern/picirq.o
 .debug_line    0x0000000000001b31       0x82 obj/kern/printf.o
 .debug_line    0x0000000000001bb3      0x325 obj/kern/trap.o
 .debug_line    0x0000000000001ed8       0x75 obj/kern/trapentry.o
 .debug_line    0x0000000000001f4d      0x179 obj/kern/sched.o
 .debug_line    0x00000000000020c6      0x257 obj/kern/syscall.o
 .debug_line    0x000000000000231d      0x1e3 obj/kern/kdebug.o
 .debug_line    0x0000000000002500      0x28e obj/kern/printfmt.o
 .debug_line    0x000000000000278e       0x94 obj/kern/readline.o
 .debug_line    0x0000000000002822      0x1eb obj/kern/string.o
 .debug_line    0x0000000000002a0d      0x45a obj/kern/libdwarf_rw.o
 .debug_line    0x0000000000002e67      0x4f9 obj/kern/libdwarf_frame.o
 .debug_line    0x0000000000003360      0x206 obj/kern/libdwarf_lineno.o
 .debug_line    0x0000000000003566      0x231 obj/kern/elf_rw.o
 .debug_line    0x0000000000003797       0x74 obj/kern/mpentry.o
 .debug_line    0x000000000000380b      0x1f9 obj/kern/mpconfig.o
 .debug_line    0x0000000000003a04      0x16a obj/kern/lapic.o
 .debug_line    0x0000000000003b6e      0x17a obj/kern/spinlock.o
 .debug_line    0x0000000000003ce8      0x17e obj/kern/e1000.o
 .debug_line    0x0000000000003e66      0x1dc obj/kern/pci.o
 .debug_line    0x0000000000004042       0x50 obj/kern/time.o
 .debug_line    0x0000000000004092      0x188 obj/vmm/ept.o
 .debug_line    0x000000000000421a      0x717 obj/vmm/vmx.o
 .debug_line    0x0000000000004931      0x26e obj/vmm/vmexits.o

.debug_frame
 *(.debug_frame)

.debug_str      0x0000000000000000     0x339d
 *(.debug_str)
 .debug_str     0x0000000000000000      0x63a obj/kern/init.o
                                        0x6e3 (size before relaxing)
 .debug_str     0x000000000000063a      0x149 obj/kern/console.o
                                        0x2ba (size before relaxing)
 .debug_str     0x0000000000000783      0x171 obj/kern/monitor.o
                                        0x454 (size before relaxing)
 .debug_str     0x00000000000008f4      0x54c obj/kern/pmap.o
                                        0xb4f (size before relaxing)
 .debug_str     0x0000000000000e40      0x334 obj/kern/env.o
                                        0xa3d (size before relaxing)
 .debug_str     0x0000000000001174       0x31 obj/kern/kclock.o
                                        0x177 (size before relaxing)
 .debug_str     0x00000000000011a5       0x35 obj/kern/picirq.o
                                        0x1aa (size before relaxing)
 .debug_str     0x00000000000011da       0x17 obj/kern/printf.o
                                        0x1ac (size before relaxing)
 .debug_str     0x00000000000011f1      0x282 obj/kern/trap.o
                                        0x924 (size before relaxing)
 .debug_str     0x0000000000001473       0x29 obj/kern/sched.o
                                        0x62e (size before relaxing)
 .debug_str     0x000000000000149c      0x345 obj/kern/syscall.o
                                        0x9eb (size before relaxing)
 .debug_str     0x00000000000017e1      0x905 obj/kern/kdebug.o
                                       0x100d (size before relaxing)
 .debug_str     0x00000000000020e6       0x93 obj/kern/printfmt.o
                                        0x34c (size before relaxing)
 .debug_str     0x0000000000002179       0x27 obj/kern/readline.o
                                        0x1e8 (size before relaxing)
 .debug_str     0x00000000000021a0       0x9e obj/kern/string.o
                                        0x205 (size before relaxing)
 .debug_str     0x000000000000223e      0x25c obj/kern/libdwarf_rw.o
                                        0xbfb (size before relaxing)
 .debug_str     0x000000000000249a      0x2dd obj/kern/libdwarf_frame.o
                                        0xb54 (size before relaxing)
 .debug_str     0x0000000000002777      0x1bd obj/kern/libdwarf_lineno.o
                                        0xba2 (size before relaxing)
 .debug_str     0x0000000000002934      0x144 obj/kern/elf_rw.o
                                        0x45f (size before relaxing)
 .debug_str     0x0000000000002a78       0xbe obj/kern/mpconfig.o
                                        0x695 (size before relaxing)
 .debug_str     0x0000000000002b36       0x52 obj/kern/lapic.o
                                        0x5df (size before relaxing)
 .debug_str     0x0000000000002b88       0x4d obj/kern/spinlock.o
                                        0x6a9 (size before relaxing)
 .debug_str     0x0000000000002bd5       0xd6 obj/kern/e1000.o
                                        0x378 (size before relaxing)
 .debug_str     0x0000000000002cab      0x16f obj/kern/pci.o
                                        0x34a (size before relaxing)
 .debug_str     0x0000000000002e1a       0x26 obj/kern/time.o
                                        0x106 (size before relaxing)
 .debug_str     0x0000000000002e40       0xb9 obj/vmm/ept.o
                                        0x310 (size before relaxing)
 .debug_str     0x0000000000002ef9      0x363 obj/vmm/vmx.o
                                        0xacb (size before relaxing)
 .debug_str     0x000000000000325c      0x141 obj/vmm/vmexits.o
                                        0x901 (size before relaxing)

.debug_loc      0x0000000000000000     0x6cdc
 *(.debug_loc)
 .debug_loc     0x0000000000000000      0x264 obj/kern/init.o
 .debug_loc     0x0000000000000264      0x6c0 obj/kern/console.o
 .debug_loc     0x0000000000000924      0x240 obj/kern/monitor.o
 .debug_loc     0x0000000000000b64      0xc00 obj/kern/pmap.o
 .debug_loc     0x0000000000001764      0x6f8 obj/kern/env.o
 .debug_loc     0x0000000000001e5c       0xc0 obj/kern/kclock.o
 .debug_loc     0x0000000000001f1c      0x120 obj/kern/picirq.o
 .debug_loc     0x000000000000203c      0x120 obj/kern/printf.o
 .debug_loc     0x000000000000215c      0x398 obj/kern/trap.o
 .debug_loc     0x00000000000024f4      0x1e0 obj/kern/sched.o
 .debug_loc     0x00000000000026d4      0x8d8 obj/kern/syscall.o
 .debug_loc     0x0000000000002fac       0xc0 obj/kern/kdebug.o
 .debug_loc     0x000000000000306c      0x300 obj/kern/printfmt.o
 .debug_loc     0x000000000000336c       0x60 obj/kern/readline.o
 .debug_loc     0x00000000000033cc      0x660 obj/kern/string.o
 .debug_loc     0x0000000000003a2c      0x900 obj/kern/libdwarf_rw.o
 .debug_loc     0x000000000000432c      0x540 obj/kern/libdwarf_frame.o
 .debug_loc     0x000000000000486c      0x180 obj/kern/libdwarf_lineno.o
 .debug_loc     0x00000000000049ec      0x240 obj/kern/elf_rw.o
 .debug_loc     0x0000000000004c2c      0x1e0 obj/kern/mpconfig.o
 .debug_loc     0x0000000000004e0c      0x2a0 obj/kern/lapic.o
 .debug_loc     0x00000000000050ac      0x240 obj/kern/spinlock.o
 .debug_loc     0x00000000000052ec      0x120 obj/kern/e1000.o
 .debug_loc     0x000000000000540c      0x3c0 obj/kern/pci.o
 .debug_loc     0x00000000000057cc      0x120 obj/kern/time.o
 .debug_loc     0x00000000000058ec      0x4e0 obj/vmm/ept.o
 .debug_loc     0x0000000000005dcc      0x924 obj/vmm/vmx.o
 .debug_loc     0x00000000000066f0      0x5ec obj/vmm/vmexits.o

.comment        0x0000000000000000       0x2b
 .comment       0x0000000000000000       0x2b obj/kern/init.o
                                         0x2c (size before relaxing)
 .comment       0x0000000000000000       0x2c obj/kern/console.o
 .comment       0x0000000000000000       0x2c obj/kern/monitor.o
 .comment       0x0000000000000000       0x2c obj/kern/pmap.o
 .comment       0x0000000000000000       0x2c obj/kern/env.o
 .comment       0x0000000000000000       0x2c obj/kern/kclock.o
 .comment       0x0000000000000000       0x2c obj/kern/picirq.o
 .comment       0x0000000000000000       0x2c obj/kern/printf.o
 .comment       0x0000000000000000       0x2c obj/kern/trap.o
 .comment       0x0000000000000000       0x2c obj/kern/sched.o
 .comment       0x0000000000000000       0x2c obj/kern/syscall.o
 .comment       0x0000000000000000       0x2c obj/kern/kdebug.o
 .comment       0x0000000000000000       0x2c obj/kern/printfmt.o
 .comment       0x0000000000000000       0x2c obj/kern/readline.o
 .comment       0x0000000000000000       0x2c obj/kern/string.o
 .comment       0x0000000000000000       0x2c obj/kern/libdwarf_rw.o
 .comment       0x0000000000000000       0x2c obj/kern/libdwarf_frame.o
 .comment       0x0000000000000000       0x2c obj/kern/libdwarf_lineno.o
 .comment       0x0000000000000000       0x2c obj/kern/elf_rw.o
 .comment       0x0000000000000000       0x2c obj/kern/mpconfig.o
 .comment       0x0000000000000000       0x2c obj/kern/lapic.o
 .comment       0x0000000000000000       0x2c obj/kern/spinlock.o
 .comment       0x0000000000000000       0x2c obj/kern/e1000.o
 .comment       0x0000000000000000       0x2c obj/kern/pci.o
 .comment       0x0000000000000000       0x2c obj/kern/time.o
 .comment       0x0000000000000000       0x2c obj/vmm/ept.o
 .comment       0x0000000000000000       0x2c obj/vmm/vmx.o
 .comment       0x0000000000000000       0x2c obj/vmm/vmexits.o

.debug_macinfo
 *(.debug_macinfo)

.debug_weaknames
 *(.debug_weaknames)

.debug_funcnames
 *(.debug_funcnames)

.debug_typenames
 *(.debug_typenames)

.debug_varnames
 *(.debug_varnames)

/DISCARD/
 *(.note.GNU-stack)
LOAD obj/kern/entry.o
LOAD obj/kern/bootstrap.o
LOAD obj/kern/init.o
LOAD obj/kern/console.o
LOAD obj/kern/monitor.o
LOAD obj/kern/pmap.o
LOAD obj/kern/env.o
LOAD obj/kern/kclock.o
LOAD obj/kern/picirq.o
LOAD obj/kern/printf.o
LOAD obj/kern/trap.o
LOAD obj/kern/trapentry.o
LOAD obj/kern/sched.o
LOAD obj/kern/syscall.o
LOAD obj/kern/kdebug.o
LOAD obj/kern/printfmt.o
LOAD obj/kern/readline.o
LOAD obj/kern/string.o
LOAD obj/kern/libdwarf_rw.o
LOAD obj/kern/libdwarf_frame.o
LOAD obj/kern/libdwarf_lineno.o
LOAD obj/kern/elf_rw.o
LOAD obj/kern/mpentry.o
LOAD obj/kern/mpconfig.o
LOAD obj/kern/lapic.o
LOAD obj/kern/spinlock.o
LOAD obj/kern/e1000.o
LOAD obj/kern/pci.o
LOAD obj/kern/time.o
LOAD obj/vmm/ept.o
LOAD obj/vmm/vmx.o
LOAD obj/vmm/vmexits.o
LOAD /usr/lib/gcc/x86_64-linux-gnu/4.8/libgcc.a
TARGET(binary)
LOAD obj/user/hello
LOAD obj/user/idle
LOAD obj/user/testfile
LOAD obj/user/writemotd
LOAD obj/user/spawnhello
LOAD obj/user/icode
LOAD obj/fs/fs
LOAD obj/user/testtime
LOAD obj/user/httpd
LOAD obj/user/echosrv
LOAD obj/user/echotest
LOAD obj/net/testoutput
LOAD obj/net/testinput
LOAD obj/net/ns
LOAD obj/user/testpteshare
LOAD obj/user/testfdsharing
LOAD obj/user/testpipe
LOAD obj/user/testpiperace
LOAD obj/user/testpiperace2
LOAD obj/user/primespipe
LOAD obj/user/testkbd
LOAD obj/user/testshell
LOAD obj/user/vmm
LOAD obj/user/sh
OUTPUT(obj/kern/kernel elf64-x86-64)
